ARM Linker, 5.03 [Build 76] [MDK-ARM Professional]

==============================================================================

Section Cross References

    startup_lpc43xx.o(STACK) refers (Special) to heapauxi.o(.text) for __use_two_region_memory
    startup_lpc43xx.o(HEAP) refers (Special) to heapauxi.o(.text) for __use_two_region_memory
    startup_lpc43xx.o(RESET) refers (Special) to heapauxi.o(.text) for __use_two_region_memory
    startup_lpc43xx.o(RESET) refers to startup_lpc43xx.o(STACK) for __initial_sp
    startup_lpc43xx.o(RESET) refers to startup_lpc43xx.o(.text) for Reset_Handler
    startup_lpc43xx.o(RESET) refers to lpc43xx_sdif.o(.text) for SDIO_IRQHandler
    startup_lpc43xx.o(.text) refers (Special) to heapauxi.o(.text) for __use_two_region_memory
    startup_lpc43xx.o(.text) refers to system_lpc43xx.o(.text) for SystemInit
    startup_lpc43xx.o(.text) refers to __main.o(!!!main) for __main
    startup_lpc43xx.o(.text) refers to startup_lpc43xx.o(HEAP) for Heap_Mem
    startup_lpc43xx.o(.text) refers to startup_lpc43xx.o(STACK) for Stack_Mem
    system_lpc43xx.o(.text) refers to startup_lpc43xx.o(RESET) for __Vectors
    system_lpc43xx.o(.text) refers to system_lpc43xx.o(.data) for SystemCoreClock
    lpc43xx_adc.o(.text) refers to lpc43xx_cgu.o(.text) for CGU_GetPCLKFrequency
    lpc43xx_atimer.o(.text) refers to lpc43xx_cgu.o(.text) for CGU_EnableEntity
    lpc43xx_can.o(.text) refers to lpc43xx_can.o(.bss) for recv_buff
    lpc43xx_can.o(.text) refers to lpc43xx_can.o(.data) for EWarnCnt
    lpc43xx_cgu.o(.text) refers to lpc43xx_scu.o(.text) for scu_pinmux
    lpc43xx_cgu.o(.text) refers to lpc43xx_cgu.o(.data) for CGU_ClockSourceFrequency
    lpc43xx_cgu.o(.text) refers to lpc43xx_cgu.o(.constdata) for CGU_Entity_ControlReg_Offset
    lpc43xx_dac.o(.text) refers to lpc43xx_cgu.o(.text) for CGU_EntityConnect
    lpc43xx_emc.o(.text) refers to lpc43xx_scu.o(.text) for scu_pinmux
    lpc43xx_emc.o(.text) refers to system_lpc43xx.o(.data) for SystemCoreClock
    lpc43xx_i2c.o(.text) refers to lpc43xx_cgu.o(.text) for CGU_EntityConnect
    lpc43xx_i2c.o(.text) refers to lpc43xx_i2c.o(.bss) for i2cdat
    lpc43xx_i2c.o(.text) refers to lpc43xx_i2c.o(.data) for I2C_MonitorBufferIndex
    lpc43xx_lcd.o(.text) refers to lpc43xx_lcd.o(.data) for LCD_Cursor_Size
    lpc43xx_mcpwm.o(.text) refers to lpc43xx_cgu.o(.text) for CGU_EntityConnect
    lpc43xx_qei.o(.text) refers to lpc43xx_cgu.o(.text) for CGU_GetPCLKFrequency
    lpc43xx_qei.o(.text) refers to lludivv7m.o(.text) for __aeabi_uldivmod
    lpc43xx_rit.o(.text) refers to lpc43xx_cgu.o(.text) for CGU_GetPCLKFrequency
    lpc43xx_sdif.o(.text) refers to lpc43xx_cgu.o(.text) for CGU_ConfigPWR
    lpc43xx_sdif.o(.text) refers to lpc43xx_sdif.o(.bss) for sdif_dev
    lpc43xx_sdmmc.o(.text) refers to lpc43xx_sdif.o(.text) for sdif_set_clock
    lpc43xx_sdmmc.o(.text) refers to rt_memclr_w.o(.text) for __aeabi_memclr4
    lpc43xx_sdmmc.o(.text) refers to lpc43xx_sdmmc.o(.data) for g_card_info
    lpc43xx_ssp.o(.text) refers to lpc43xx_cgu.o(.text) for CGU_EntityConnect
    lpc43xx_ssp.o(.text) refers to lludivv7m.o(.text) for __aeabi_uldivmod
    lpc43xx_timer.o(.text) refers to lpc43xx_cgu.o(.text) for CGU_GetPCLKFrequency
    lpc43xx_timer.o(.text) refers to lludivv7m.o(.text) for __aeabi_uldivmod
    lpc43xx_uart.o(.text) refers to lpc43xx_cgu.o(.text) for CGU_GetPCLKFrequency
    lpc43xx_uart.o(.text) refers to lludivv7m.o(.text) for __aeabi_uldivmod
    main.o(.text) refers to lpc43xx_scu.o(.text) for scu_pinmux
    main.o(.text) refers to lpc43xx_gpio.o(.text) for GPIO_SetDir
    __main.o(!!!main) refers to rtentry.o(.ARM.Collect$$rtentry$$00000000) for __rt_entry
    rtentry.o(.ARM.Collect$$rtentry$$00000000) refers (Special) to rtentry2.o(.ARM.Collect$$rtentry$$0000000A) for __rt_entry_li
    rtentry.o(.ARM.Collect$$rtentry$$00000000) refers (Special) to rtentry2.o(.ARM.Collect$$rtentry$$0000000D) for __rt_entry_main
    rtentry.o(.ARM.Collect$$rtentry$$00000000) refers (Special) to rtentry2.o(.ARM.Collect$$rtentry$$0000000C) for __rt_entry_postli_1
    rtentry.o(.ARM.Collect$$rtentry$$00000000) refers (Special) to rtentry2.o(.ARM.Collect$$rtentry$$00000009) for __rt_entry_postsh_1
    rtentry.o(.ARM.Collect$$rtentry$$00000000) refers (Special) to rtentry2.o(.ARM.Collect$$rtentry$$00000002) for __rt_entry_presh_1
    rtentry.o(.ARM.Collect$$rtentry$$00000000) refers (Special) to rtentry4.o(.ARM.Collect$$rtentry$$00000004) for __rt_entry_sh
    aeabi_ldiv0_sigfpe.o(.text) refers to rt_div0.o(.text) for __rt_div0
    rtentry2.o(.ARM.Collect$$rtentry$$00000008) refers to boardinit2.o(.text) for _platform_post_stackheap_init
    rtentry2.o(.ARM.Collect$$rtentry$$0000000A) refers to libinit.o(.ARM.Collect$$libinit$$00000000) for __rt_lib_init
    rtentry2.o(.ARM.Collect$$rtentry$$0000000B) refers to boardinit3.o(.text) for _platform_post_lib_init
    rtentry2.o(.ARM.Collect$$rtentry$$0000000D) refers to main.o(.text) for main
    rtentry2.o(.ARM.Collect$$rtentry$$0000000D) refers to exit.o(.text) for exit
    rtentry2.o(.ARM.exidx) refers to rtentry2.o(.ARM.Collect$$rtentry$$00000001) for .ARM.Collect$$rtentry$$00000001
    rtentry2.o(.ARM.exidx) refers to rtentry2.o(.ARM.Collect$$rtentry$$00000008) for .ARM.Collect$$rtentry$$00000008
    rtentry2.o(.ARM.exidx) refers to rtentry2.o(.ARM.Collect$$rtentry$$0000000A) for .ARM.Collect$$rtentry$$0000000A
    rtentry2.o(.ARM.exidx) refers to rtentry2.o(.ARM.Collect$$rtentry$$0000000B) for .ARM.Collect$$rtentry$$0000000B
    rtentry2.o(.ARM.exidx) refers to rtentry2.o(.ARM.Collect$$rtentry$$0000000D) for .ARM.Collect$$rtentry$$0000000D
    rtentry4.o(.ARM.Collect$$rtentry$$00000004) refers to sys_stackheap_outer.o(.text) for __user_setup_stackheap
    rtentry4.o(.ARM.exidx) refers to rtentry4.o(.ARM.Collect$$rtentry$$00000004) for .ARM.Collect$$rtentry$$00000004
    rt_div0.o(.text) refers to defsig_fpe_outer.o(.text) for __rt_SIGFPE
    sys_stackheap_outer.o(.text) refers to libspace.o(.text) for __user_perproc_libspace
    sys_stackheap_outer.o(.text) refers to startup_lpc43xx.o(.text) for __user_initial_stackheap
    exit.o(.text) refers to rtexit.o(.ARM.Collect$$rtexit$$00000000) for __rt_exit
    defsig_fpe_outer.o(.text) refers to defsig_fpe_inner.o(.text) for __rt_SIGFPE_inner
    defsig_fpe_outer.o(.text) refers to defsig_exit.o(.text) for __sig_exit
    defsig_fpe_formal.o(.text) refers to rt_raise.o(.text) for __rt_raise
    libinit.o(.ARM.Collect$$libinit$$00000000) refers (Special) to libinit2.o(.ARM.Collect$$libinit$$0000002C) for __rt_lib_init_alloca_1
    libinit.o(.ARM.Collect$$libinit$$00000000) refers (Special) to libinit2.o(.ARM.Collect$$libinit$$0000002A) for __rt_lib_init_argv_1
    libinit.o(.ARM.Collect$$libinit$$00000000) refers (Special) to libinit2.o(.ARM.Collect$$libinit$$00000019) for __rt_lib_init_atexit_1
    libinit.o(.ARM.Collect$$libinit$$00000000) refers (Special) to libinit2.o(.ARM.Collect$$libinit$$0000001F) for __rt_lib_init_clock_1
    libinit.o(.ARM.Collect$$libinit$$00000000) refers (Special) to libinit2.o(.ARM.Collect$$libinit$$00000030) for __rt_lib_init_cpp_1
    libinit.o(.ARM.Collect$$libinit$$00000000) refers (Special) to libinit2.o(.ARM.Collect$$libinit$$0000002E) for __rt_lib_init_exceptions_1
    libinit.o(.ARM.Collect$$libinit$$00000000) refers (Special) to libinit2.o(.ARM.Collect$$libinit$$00000001) for __rt_lib_init_fp_1
    libinit.o(.ARM.Collect$$libinit$$00000000) refers (Special) to libinit2.o(.ARM.Collect$$libinit$$0000001D) for __rt_lib_init_fp_trap_1
    libinit.o(.ARM.Collect$$libinit$$00000000) refers (Special) to libinit2.o(.ARM.Collect$$libinit$$00000021) for __rt_lib_init_getenv_1
    libinit.o(.ARM.Collect$$libinit$$00000000) refers (Special) to libinit2.o(.ARM.Collect$$libinit$$00000008) for __rt_lib_init_heap_1
    libinit.o(.ARM.Collect$$libinit$$00000000) refers (Special) to libinit2.o(.ARM.Collect$$libinit$$0000000F) for __rt_lib_init_lc_collate_1
    libinit.o(.ARM.Collect$$libinit$$00000000) refers (Special) to libinit2.o(.ARM.Collect$$libinit$$00000011) for __rt_lib_init_lc_ctype_1
    libinit.o(.ARM.Collect$$libinit$$00000000) refers (Special) to libinit2.o(.ARM.Collect$$libinit$$00000013) for __rt_lib_init_lc_monetary_1
    libinit.o(.ARM.Collect$$libinit$$00000000) refers (Special) to libinit2.o(.ARM.Collect$$libinit$$00000015) for __rt_lib_init_lc_numeric_1
    libinit.o(.ARM.Collect$$libinit$$00000000) refers (Special) to libinit2.o(.ARM.Collect$$libinit$$00000017) for __rt_lib_init_lc_time_1
    libinit.o(.ARM.Collect$$libinit$$00000000) refers (Special) to libinit2.o(.ARM.Collect$$libinit$$0000000C) for __rt_lib_init_rand_1
    libinit.o(.ARM.Collect$$libinit$$00000000) refers (Special) to libinit2.o(.ARM.Collect$$libinit$$00000031) for __rt_lib_init_return
    libinit.o(.ARM.Collect$$libinit$$00000000) refers (Special) to libinit2.o(.ARM.Collect$$libinit$$0000001B) for __rt_lib_init_signal_1
    libinit.o(.ARM.Collect$$libinit$$00000000) refers (Special) to libinit2.o(.ARM.Collect$$libinit$$00000023) for __rt_lib_init_stdio_1
    libinit.o(.ARM.Collect$$libinit$$00000000) refers (Special) to libinit2.o(.ARM.Collect$$libinit$$0000000A) for __rt_lib_init_user_alloc_1
    libspace.o(.text) refers to libspace.o(.bss) for __libspace_start
    rtexit.o(.ARM.Collect$$rtexit$$00000000) refers (Special) to rtexit2.o(.ARM.Collect$$rtexit$$00000004) for __rt_exit_exit
    rtexit.o(.ARM.Collect$$rtexit$$00000000) refers (Special) to rtexit2.o(.ARM.Collect$$rtexit$$00000003) for __rt_exit_ls
    rtexit.o(.ARM.Collect$$rtexit$$00000000) refers (Special) to rtexit2.o(.ARM.Collect$$rtexit$$00000002) for __rt_exit_prels_1
    rtexit.o(.ARM.exidx) refers (Special) to rtexit2.o(.ARM.Collect$$rtexit$$00000004) for __rt_exit_exit
    rtexit.o(.ARM.exidx) refers (Special) to rtexit2.o(.ARM.Collect$$rtexit$$00000003) for __rt_exit_ls
    rtexit.o(.ARM.exidx) refers (Special) to rtexit2.o(.ARM.Collect$$rtexit$$00000002) for __rt_exit_prels_1
    rtexit.o(.ARM.exidx) refers to rtexit.o(.ARM.Collect$$rtexit$$00000000) for .ARM.Collect$$rtexit$$00000000
    rt_raise.o(.text) refers to __raise.o(.text) for __raise
    rt_raise.o(.text) refers to sys_exit.o(.text) for _sys_exit
    defsig_exit.o(.text) refers to sys_exit.o(.text) for _sys_exit
    defsig_fpe_inner.o(.text) refers to defsig_general.o(.text) for __default_signal_display
    libinit2.o(.ARM.Collect$$libinit$$00000001) refers to fpinit.o(x$fpl$fpinit) for _fp_init
    libinit2.o(.ARM.Collect$$libinit$$0000000E) refers to libinit2.o(.ARM.Collect$$libinit$$0000000D) for .ARM.Collect$$libinit$$0000000D
    libinit2.o(.ARM.Collect$$libinit$$00000010) refers to libinit2.o(.ARM.Collect$$libinit$$0000000D) for .ARM.Collect$$libinit$$0000000D
    libinit2.o(.ARM.Collect$$libinit$$00000012) refers to libinit2.o(.ARM.Collect$$libinit$$0000000D) for .ARM.Collect$$libinit$$0000000D
    libinit2.o(.ARM.Collect$$libinit$$00000014) refers to libinit2.o(.ARM.Collect$$libinit$$0000000D) for .ARM.Collect$$libinit$$0000000D
    libinit2.o(.ARM.Collect$$libinit$$00000016) refers to libinit2.o(.ARM.Collect$$libinit$$0000000D) for .ARM.Collect$$libinit$$0000000D
    libinit2.o(.ARM.Collect$$libinit$$00000024) refers to argv_veneer.o(.emb_text) for __ARM_argv_veneer
    libinit2.o(.ARM.Collect$$libinit$$00000025) refers to argv_veneer.o(.emb_text) for __ARM_argv_veneer
    sys_exit.o(.text) refers (Special) to use_no_semi.o(.text) for __I$use$semihosting
    sys_exit.o(.text) refers (Special) to indicate_semi.o(.text) for __semihosting_library_function
    rtexit2.o(.ARM.Collect$$rtexit$$00000003) refers to libshutdown.o(.ARM.Collect$$libshutdown$$00000000) for __rt_lib_shutdown
    rtexit2.o(.ARM.Collect$$rtexit$$00000004) refers to sys_exit.o(.text) for _sys_exit
    rtexit2.o(.ARM.exidx) refers to rtexit2.o(.ARM.Collect$$rtexit$$00000001) for .ARM.Collect$$rtexit$$00000001
    rtexit2.o(.ARM.exidx) refers to rtexit2.o(.ARM.Collect$$rtexit$$00000003) for .ARM.Collect$$rtexit$$00000003
    rtexit2.o(.ARM.exidx) refers to rtexit2.o(.ARM.Collect$$rtexit$$00000004) for .ARM.Collect$$rtexit$$00000004
    __raise.o(.text) refers to defsig.o(CL$$defsig) for __default_signal_handler
    defsig_general.o(.text) refers to sys_wrch.o(.text) for _ttywrch
    argv_veneer.o(.emb_text) refers to no_argv.o(.text) for __ARM_get_argv
    sys_wrch.o(.text) refers (Special) to use_no_semi.o(.text) for __I$use$semihosting
    sys_wrch.o(.text) refers (Special) to indicate_semi.o(.text) for __semihosting_library_function
    defsig.o(CL$$defsig) refers to defsig_fpe_inner.o(.text) for __rt_SIGFPE_inner
    defsig.o(CL$$defsig) refers to defsig_rtmem_inner.o(.text) for __rt_SIGRTMEM_inner
    _get_argv_nomalloc.o(.text) refers (Special) to hrguard.o(.text) for __heap_region$guard
    _get_argv_nomalloc.o(.text) refers to defsig_rtmem_outer.o(.text) for __rt_SIGRTMEM
    _get_argv_nomalloc.o(.text) refers to sys_command.o(.text) for _sys_command_string
    libshutdown.o(.ARM.Collect$$libshutdown$$00000000) refers (Special) to libshutdown2.o(.ARM.Collect$$libshutdown$$00000006) for __rt_lib_shutdown_fp_trap_1
    libshutdown.o(.ARM.Collect$$libshutdown$$00000000) refers (Special) to libshutdown2.o(.ARM.Collect$$libshutdown$$0000000E) for __rt_lib_shutdown_heap_1
    libshutdown.o(.ARM.Collect$$libshutdown$$00000000) refers (Special) to libshutdown2.o(.ARM.Collect$$libshutdown$$0000000F) for __rt_lib_shutdown_return
    libshutdown.o(.ARM.Collect$$libshutdown$$00000000) refers (Special) to libshutdown2.o(.ARM.Collect$$libshutdown$$00000009) for __rt_lib_shutdown_signal_1
    libshutdown.o(.ARM.Collect$$libshutdown$$00000000) refers (Special) to libshutdown2.o(.ARM.Collect$$libshutdown$$00000003) for __rt_lib_shutdown_stdio_1
    libshutdown.o(.ARM.Collect$$libshutdown$$00000000) refers (Special) to libshutdown2.o(.ARM.Collect$$libshutdown$$0000000B) for __rt_lib_shutdown_user_alloc_1
    sys_command.o(.text) refers (Special) to use_no_semi.o(.text) for __I$use$semihosting
    sys_command.o(.text) refers (Special) to indicate_semi.o(.text) for __semihosting_library_function
    defsig_abrt_inner.o(.text) refers to defsig_general.o(.text) for __default_signal_display
    defsig_rtred_inner.o(.text) refers to defsig_general.o(.text) for __default_signal_display
    defsig_rtmem_inner.o(.text) refers to defsig_general.o(.text) for __default_signal_display
    defsig_rtmem_outer.o(.text) refers to defsig_rtmem_inner.o(.text) for __rt_SIGRTMEM_inner
    defsig_rtmem_outer.o(.text) refers to defsig_exit.o(.text) for __sig_exit
    defsig_rtmem_formal.o(.text) refers to rt_raise.o(.text) for __rt_raise
    defsig_stak_inner.o(.text) refers to defsig_general.o(.text) for __default_signal_display
    defsig_pvfn_inner.o(.text) refers to defsig_general.o(.text) for __default_signal_display
    defsig_cppl_inner.o(.text) refers to defsig_general.o(.text) for __default_signal_display
    defsig_segv_inner.o(.text) refers to defsig_general.o(.text) for __default_signal_display
    defsig_other.o(.text) refers to defsig_general.o(.text) for __default_signal_display


==============================================================================

Removing Unused input sections from the image.

    Removing system_lpc43xx.o(.emb_text), (8 bytes).
    Removing lpc43xx_adc.o(.emb_text), (8 bytes).
    Removing lpc43xx_adc.o(.text), (368 bytes).
    Removing lpc43xx_atimer.o(.emb_text), (8 bytes).
    Removing lpc43xx_atimer.o(.text), (164 bytes).
    Removing lpc43xx_can.o(.emb_text), (8 bytes).
    Removing lpc43xx_can.o(.text), (1012 bytes).
    Removing lpc43xx_can.o(.bss), (528 bytes).
    Removing lpc43xx_can.o(.data), (48 bytes).
    Removing lpc43xx_cgu.o(.emb_text), (8 bytes).
    Removing lpc43xx_dac.o(.emb_text), (8 bytes).
    Removing lpc43xx_dac.o(.text), (120 bytes).
    Removing lpc43xx_emc.o(.emb_text), (8 bytes).
    Removing lpc43xx_emc.o(.text), (1184 bytes).
    Removing lpc43xx_evrt.o(.emb_text), (8 bytes).
    Removing lpc43xx_evrt.o(.text), (248 bytes).
    Removing lpc43xx_gpio.o(.emb_text), (8 bytes).
    Removing lpc43xx_i2c.o(.emb_text), (8 bytes).
    Removing lpc43xx_i2c.o(.text), (2416 bytes).
    Removing lpc43xx_i2c.o(.bss), (48 bytes).
    Removing lpc43xx_i2c.o(.data), (4 bytes).
    Removing lpc43xx_lcd.o(.emb_text), (8 bytes).
    Removing lpc43xx_lcd.o(.text), (820 bytes).
    Removing lpc43xx_lcd.o(.data), (1 bytes).
    Removing lpc43xx_mcpwm.o(.emb_text), (8 bytes).
    Removing lpc43xx_mcpwm.o(.text), (1076 bytes).
    Removing lpc43xx_nvic.o(.emb_text), (8 bytes).
    Removing lpc43xx_nvic.o(.text), (12 bytes).
    Removing lpc43xx_pwr.o(.emb_text), (8 bytes).
    Removing lpc43xx_pwr.o(.text), (72 bytes).
    Removing lpc43xx_qei.o(.emb_text), (8 bytes).
    Removing lpc43xx_qei.o(.text), (688 bytes).
    Removing lpc43xx_rgu.o(.emb_text), (8 bytes).
    Removing lpc43xx_rgu.o(.text), (280 bytes).
    Removing lpc43xx_rit.o(.emb_text), (8 bytes).
    Removing lpc43xx_rit.o(.text), (160 bytes).
    Removing lpc43xx_rtc.o(.emb_text), (8 bytes).
    Removing lpc43xx_rtc.o(.text), (1060 bytes).
    Removing lpc43xx_sct.o(.emb_text), (8 bytes).
    Removing lpc43xx_sct.o(.text), (84 bytes).
    Removing lpc43xx_scu.o(.emb_text), (8 bytes).
    Removing lpc43xx_sdif.o(.emb_text), (8 bytes).
    Removing lpc43xx_sdmmc.o(.emb_text), (8 bytes).
    Removing lpc43xx_sdmmc.o(.text), (2256 bytes).
    Removing lpc43xx_sdmmc.o(.data), (16 bytes).
    Removing lpc43xx_ssp.o(.emb_text), (8 bytes).
    Removing lpc43xx_ssp.o(.text), (984 bytes).
    Removing lpc43xx_timer.o(.emb_text), (8 bytes).
    Removing lpc43xx_timer.o(.text), (888 bytes).
    Removing lpc43xx_uart.o(.emb_text), (8 bytes).
    Removing lpc43xx_uart.o(.text), (2268 bytes).
    Removing lpc43xx_wwdt.o(.emb_text), (8 bytes).
    Removing lpc43xx_wwdt.o(.text), (376 bytes).
    Removing main.o(.emb_text), (8 bytes).

54 unused section(s) (total 17397 bytes) removed from the image.

==============================================================================

Image Symbol Table

    Local Symbols

    Symbol Name                              Value     Ov Type        Size  Object(Section)

    ../clib/angel/boardlib.s                 0x00000000   Number         0  boardinit1.o ABSOLUTE
    ../clib/angel/boardlib.s                 0x00000000   Number         0  boardshut.o ABSOLUTE
    ../clib/angel/boardlib.s                 0x00000000   Number         0  boardinit2.o ABSOLUTE
    ../clib/angel/boardlib.s                 0x00000000   Number         0  boardinit3.o ABSOLUTE
    ../clib/angel/handlers.s                 0x00000000   Number         0  __scatter_zi.o ABSOLUTE
    ../clib/angel/handlers.s                 0x00000000   Number         0  __scatter_copy.o ABSOLUTE
    ../clib/angel/kernel.s                   0x00000000   Number         0  rtentry.o ABSOLUTE
    ../clib/angel/kernel.s                   0x00000000   Number         0  rtentry2.o ABSOLUTE
    ../clib/angel/kernel.s                   0x00000000   Number         0  rtexit2.o ABSOLUTE
    ../clib/angel/kernel.s                   0x00000000   Number         0  rtentry4.o ABSOLUTE
    ../clib/angel/kernel.s                   0x00000000   Number         0  rtexit.o ABSOLUTE
    ../clib/angel/rt.s                       0x00000000   Number         0  aeabi_ldiv0.o ABSOLUTE
    ../clib/angel/rt.s                       0x00000000   Number         0  aeabi_ldiv0_sigfpe.o ABSOLUTE
    ../clib/angel/rt.s                       0x00000000   Number         0  rt_div0.o ABSOLUTE
    ../clib/angel/rt.s                       0x00000000   Number         0  rt_raise.o ABSOLUTE
    ../clib/angel/scatter.s                  0x00000000   Number         0  __scatter.o ABSOLUTE
    ../clib/angel/startup.s                  0x00000000   Number         0  __main.o ABSOLUTE
    ../clib/angel/sys.s                      0x00000000   Number         0  sys_stackheap_outer.o ABSOLUTE
    ../clib/angel/sys.s                      0x00000000   Number         0  use_no_semi.o ABSOLUTE
    ../clib/angel/sys.s                      0x00000000   Number         0  indicate_semi.o ABSOLUTE
    ../clib/angel/sys.s                      0x00000000   Number         0  libspace.o ABSOLUTE
    ../clib/angel/sysapp.c                   0x00000000   Number         0  sys_exit.o ABSOLUTE
    ../clib/angel/sysapp.c                   0x00000000   Number         0  sys_wrch.o ABSOLUTE
    ../clib/angel/sysapp.c                   0x00000000   Number         0  sys_command.o ABSOLUTE
    ../clib/armsys.c                         0x00000000   Number         0  argv_veneer.o ABSOLUTE
    ../clib/armsys.c                         0x00000000   Number         0  argv_veneer.o ABSOLUTE
    ../clib/armsys.c                         0x00000000   Number         0  _get_argv_nomalloc.o ABSOLUTE
    ../clib/armsys.c                         0x00000000   Number         0  no_argv.o ABSOLUTE
    ../clib/heapalloc.c                      0x00000000   Number         0  hrguard.o ABSOLUTE
    ../clib/heapaux.c                        0x00000000   Number         0  heapauxi.o ABSOLUTE
    ../clib/libinit.s                        0x00000000   Number         0  libshutdown2.o ABSOLUTE
    ../clib/libinit.s                        0x00000000   Number         0  libinit2.o ABSOLUTE
    ../clib/libinit.s                        0x00000000   Number         0  libshutdown.o ABSOLUTE
    ../clib/libinit.s                        0x00000000   Number         0  libinit.o ABSOLUTE
    ../clib/longlong.s                       0x00000000   Number         0  lludivv7m.o ABSOLUTE
    ../clib/memcpset.s                       0x00000000   Number         0  rt_memclr_w.o ABSOLUTE
    ../clib/signal.c                         0x00000000   Number         0  defsig_fpe_formal.o ABSOLUTE
    ../clib/signal.c                         0x00000000   Number         0  defsig_fpe_outer.o ABSOLUTE
    ../clib/signal.c                         0x00000000   Number         0  defsig_other.o ABSOLUTE
    ../clib/signal.c                         0x00000000   Number         0  defsig_abrt_inner.o ABSOLUTE
    ../clib/signal.c                         0x00000000   Number         0  defsig_fpe_inner.o ABSOLUTE
    ../clib/signal.c                         0x00000000   Number         0  defsig_pvfn_inner.o ABSOLUTE
    ../clib/signal.c                         0x00000000   Number         0  defsig_rtred_inner.o ABSOLUTE
    ../clib/signal.c                         0x00000000   Number         0  defsig_stak_inner.o ABSOLUTE
    ../clib/signal.c                         0x00000000   Number         0  __raise.o ABSOLUTE
    ../clib/signal.c                         0x00000000   Number         0  defsig_general.o ABSOLUTE
    ../clib/signal.c                         0x00000000   Number         0  defsig_rtmem_formal.o ABSOLUTE
    ../clib/signal.c                         0x00000000   Number         0  defsig_rtmem_outer.o ABSOLUTE
    ../clib/signal.c                         0x00000000   Number         0  defsig_rtmem_inner.o ABSOLUTE
    ../clib/signal.c                         0x00000000   Number         0  defsig_exit.o ABSOLUTE
    ../clib/signal.c                         0x00000000   Number         0  defsig_cppl_inner.o ABSOLUTE
    ../clib/signal.c                         0x00000000   Number         0  defsig_segv_inner.o ABSOLUTE
    ../clib/signal.s                         0x00000000   Number         0  defsig.o ABSOLUTE
    ../clib/stdlib.c                         0x00000000   Number         0  exit.o ABSOLUTE
    ../fplib/fpinit.s                        0x00000000   Number         0  fpinit.o ABSOLUTE
    Core\Device\NXP\LPC43xx\Source\Templates\system_LPC43xx.c 0x00000000   Number         0  system_lpc43xx.o ABSOLUTE
    Core\\Device\\NXP\\LPC43xx\\Source\\Templates\\system_LPC43xx.c 0x00000000   Number         0  system_lpc43xx.o ABSOLUTE
    Drivers\\source\\lpc43xx_adc.c           0x00000000   Number         0  lpc43xx_adc.o ABSOLUTE
    Drivers\\source\\lpc43xx_atimer.c        0x00000000   Number         0  lpc43xx_atimer.o ABSOLUTE
    Drivers\\source\\lpc43xx_can.c           0x00000000   Number         0  lpc43xx_can.o ABSOLUTE
    Drivers\\source\\lpc43xx_cgu.c           0x00000000   Number         0  lpc43xx_cgu.o ABSOLUTE
    Drivers\\source\\lpc43xx_dac.c           0x00000000   Number         0  lpc43xx_dac.o ABSOLUTE
    Drivers\\source\\lpc43xx_emc.c           0x00000000   Number         0  lpc43xx_emc.o ABSOLUTE
    Drivers\\source\\lpc43xx_evrt.c          0x00000000   Number         0  lpc43xx_evrt.o ABSOLUTE
    Drivers\\source\\lpc43xx_gpio.c          0x00000000   Number         0  lpc43xx_gpio.o ABSOLUTE
    Drivers\\source\\lpc43xx_i2c.c           0x00000000   Number         0  lpc43xx_i2c.o ABSOLUTE
    Drivers\\source\\lpc43xx_lcd.c           0x00000000   Number         0  lpc43xx_lcd.o ABSOLUTE
    Drivers\\source\\lpc43xx_mcpwm.c         0x00000000   Number         0  lpc43xx_mcpwm.o ABSOLUTE
    Drivers\\source\\lpc43xx_nvic.c          0x00000000   Number         0  lpc43xx_nvic.o ABSOLUTE
    Drivers\\source\\lpc43xx_pwr.c           0x00000000   Number         0  lpc43xx_pwr.o ABSOLUTE
    Drivers\\source\\lpc43xx_qei.c           0x00000000   Number         0  lpc43xx_qei.o ABSOLUTE
    Drivers\\source\\lpc43xx_rgu.c           0x00000000   Number         0  lpc43xx_rgu.o ABSOLUTE
    Drivers\\source\\lpc43xx_rit.c           0x00000000   Number         0  lpc43xx_rit.o ABSOLUTE
    Drivers\\source\\lpc43xx_rtc.c           0x00000000   Number         0  lpc43xx_rtc.o ABSOLUTE
    Drivers\\source\\lpc43xx_sct.c           0x00000000   Number         0  lpc43xx_sct.o ABSOLUTE
    Drivers\\source\\lpc43xx_scu.c           0x00000000   Number         0  lpc43xx_scu.o ABSOLUTE
    Drivers\\source\\lpc43xx_sdif.c          0x00000000   Number         0  lpc43xx_sdif.o ABSOLUTE
    Drivers\\source\\lpc43xx_sdmmc.c         0x00000000   Number         0  lpc43xx_sdmmc.o ABSOLUTE
    Drivers\\source\\lpc43xx_ssp.c           0x00000000   Number         0  lpc43xx_ssp.o ABSOLUTE
    Drivers\\source\\lpc43xx_timer.c         0x00000000   Number         0  lpc43xx_timer.o ABSOLUTE
    Drivers\\source\\lpc43xx_uart.c          0x00000000   Number         0  lpc43xx_uart.o ABSOLUTE
    Drivers\\source\\lpc43xx_wwdt.c          0x00000000   Number         0  lpc43xx_wwdt.o ABSOLUTE
    Drivers\source\lpc43xx_adc.c             0x00000000   Number         0  lpc43xx_adc.o ABSOLUTE
    Drivers\source\lpc43xx_atimer.c          0x00000000   Number         0  lpc43xx_atimer.o ABSOLUTE
    Drivers\source\lpc43xx_can.c             0x00000000   Number         0  lpc43xx_can.o ABSOLUTE
    Drivers\source\lpc43xx_cgu.c             0x00000000   Number         0  lpc43xx_cgu.o ABSOLUTE
    Drivers\source\lpc43xx_dac.c             0x00000000   Number         0  lpc43xx_dac.o ABSOLUTE
    Drivers\source\lpc43xx_emc.c             0x00000000   Number         0  lpc43xx_emc.o ABSOLUTE
    Drivers\source\lpc43xx_evrt.c            0x00000000   Number         0  lpc43xx_evrt.o ABSOLUTE
    Drivers\source\lpc43xx_gpio.c            0x00000000   Number         0  lpc43xx_gpio.o ABSOLUTE
    Drivers\source\lpc43xx_i2c.c             0x00000000   Number         0  lpc43xx_i2c.o ABSOLUTE
    Drivers\source\lpc43xx_lcd.c             0x00000000   Number         0  lpc43xx_lcd.o ABSOLUTE
    Drivers\source\lpc43xx_mcpwm.c           0x00000000   Number         0  lpc43xx_mcpwm.o ABSOLUTE
    Drivers\source\lpc43xx_nvic.c            0x00000000   Number         0  lpc43xx_nvic.o ABSOLUTE
    Drivers\source\lpc43xx_pwr.c             0x00000000   Number         0  lpc43xx_pwr.o ABSOLUTE
    Drivers\source\lpc43xx_qei.c             0x00000000   Number         0  lpc43xx_qei.o ABSOLUTE
    Drivers\source\lpc43xx_rgu.c             0x00000000   Number         0  lpc43xx_rgu.o ABSOLUTE
    Drivers\source\lpc43xx_rit.c             0x00000000   Number         0  lpc43xx_rit.o ABSOLUTE
    Drivers\source\lpc43xx_rtc.c             0x00000000   Number         0  lpc43xx_rtc.o ABSOLUTE
    Drivers\source\lpc43xx_sct.c             0x00000000   Number         0  lpc43xx_sct.o ABSOLUTE
    Drivers\source\lpc43xx_scu.c             0x00000000   Number         0  lpc43xx_scu.o ABSOLUTE
    Drivers\source\lpc43xx_sdif.c            0x00000000   Number         0  lpc43xx_sdif.o ABSOLUTE
    Drivers\source\lpc43xx_sdmmc.c           0x00000000   Number         0  lpc43xx_sdmmc.o ABSOLUTE
    Drivers\source\lpc43xx_ssp.c             0x00000000   Number         0  lpc43xx_ssp.o ABSOLUTE
    Drivers\source\lpc43xx_timer.c           0x00000000   Number         0  lpc43xx_timer.o ABSOLUTE
    Drivers\source\lpc43xx_uart.c            0x00000000   Number         0  lpc43xx_uart.o ABSOLUTE
    Drivers\source\lpc43xx_wwdt.c            0x00000000   Number         0  lpc43xx_wwdt.o ABSOLUTE
    User\\main.c                             0x00000000   Number         0  main.o ABSOLUTE
    User\main.c                              0x00000000   Number         0  main.o ABSOLUTE
    dc.s                                     0x00000000   Number         0  dc.o ABSOLUTE
    startup_LPC43xx.s                        0x00000000   Number         0  startup_lpc43xx.o ABSOLUTE
    .data                                    0x10000000   Section        4  system_lpc43xx.o(.data)
    .data                                    0x10000004   Section       68  lpc43xx_cgu.o(.data)
    .bss                                     0x10000048   Section      288  lpc43xx_sdif.o(.bss)
    sdif_dev                                 0x10000048   Data         288  lpc43xx_sdif.o(.bss)
    .bss                                     0x10000168   Section       96  libspace.o(.bss)
    HEAP                                     0x100001c8   Section      512  startup_lpc43xx.o(HEAP)
    Heap_Mem                                 0x100001c8   Data         512  startup_lpc43xx.o(HEAP)
    STACK                                    0x100003c8   Section     1024  startup_lpc43xx.o(STACK)
    Stack_Mem                                0x100003c8   Data        1024  startup_lpc43xx.o(STACK)
    __initial_sp                             0x100007c8   Data           0  startup_lpc43xx.o(STACK)
    RESET                                    0x1a000000   Section      768  startup_lpc43xx.o(RESET)
    !!!main                                  0x1a000300   Section        8  __main.o(!!!main)
    !!!scatter                               0x1a000308   Section       52  __scatter.o(!!!scatter)
    !!handler_copy                           0x1a00033c   Section       26  __scatter_copy.o(!!handler_copy)
    !!handler_zi                             0x1a000358   Section       28  __scatter_zi.o(!!handler_zi)
    .ARM.Collect$$libinit$$00000000          0x1a000374   Section        2  libinit.o(.ARM.Collect$$libinit$$00000000)
    .ARM.Collect$$libinit$$00000001          0x1a000376   Section        4  libinit2.o(.ARM.Collect$$libinit$$00000001)
    .ARM.Collect$$libinit$$00000008          0x1a00037a   Section        0  libinit2.o(.ARM.Collect$$libinit$$00000008)
    .ARM.Collect$$libinit$$0000000A          0x1a00037a   Section        0  libinit2.o(.ARM.Collect$$libinit$$0000000A)
    .ARM.Collect$$libinit$$0000000C          0x1a00037a   Section        0  libinit2.o(.ARM.Collect$$libinit$$0000000C)
    .ARM.Collect$$libinit$$0000000F          0x1a00037a   Section        0  libinit2.o(.ARM.Collect$$libinit$$0000000F)
    .ARM.Collect$$libinit$$00000011          0x1a00037a   Section        0  libinit2.o(.ARM.Collect$$libinit$$00000011)
    .ARM.Collect$$libinit$$00000013          0x1a00037a   Section        0  libinit2.o(.ARM.Collect$$libinit$$00000013)
    .ARM.Collect$$libinit$$00000015          0x1a00037a   Section        0  libinit2.o(.ARM.Collect$$libinit$$00000015)
    .ARM.Collect$$libinit$$00000017          0x1a00037a   Section        0  libinit2.o(.ARM.Collect$$libinit$$00000017)
    .ARM.Collect$$libinit$$00000019          0x1a00037a   Section        0  libinit2.o(.ARM.Collect$$libinit$$00000019)
    .ARM.Collect$$libinit$$0000001B          0x1a00037a   Section        0  libinit2.o(.ARM.Collect$$libinit$$0000001B)
    .ARM.Collect$$libinit$$0000001D          0x1a00037a   Section        0  libinit2.o(.ARM.Collect$$libinit$$0000001D)
    .ARM.Collect$$libinit$$0000001F          0x1a00037a   Section        0  libinit2.o(.ARM.Collect$$libinit$$0000001F)
    .ARM.Collect$$libinit$$00000021          0x1a00037a   Section        0  libinit2.o(.ARM.Collect$$libinit$$00000021)
    .ARM.Collect$$libinit$$00000023          0x1a00037a   Section        0  libinit2.o(.ARM.Collect$$libinit$$00000023)
    .ARM.Collect$$libinit$$0000002A          0x1a00037a   Section        0  libinit2.o(.ARM.Collect$$libinit$$0000002A)
    .ARM.Collect$$libinit$$0000002C          0x1a00037a   Section        0  libinit2.o(.ARM.Collect$$libinit$$0000002C)
    .ARM.Collect$$libinit$$0000002E          0x1a00037a   Section        0  libinit2.o(.ARM.Collect$$libinit$$0000002E)
    .ARM.Collect$$libinit$$00000030          0x1a00037a   Section        0  libinit2.o(.ARM.Collect$$libinit$$00000030)
    .ARM.Collect$$libinit$$00000031          0x1a00037a   Section        2  libinit2.o(.ARM.Collect$$libinit$$00000031)
    .ARM.Collect$$libshutdown$$00000000      0x1a00037c   Section        2  libshutdown.o(.ARM.Collect$$libshutdown$$00000000)
    .ARM.Collect$$libshutdown$$00000003      0x1a00037e   Section        0  libshutdown2.o(.ARM.Collect$$libshutdown$$00000003)
    .ARM.Collect$$libshutdown$$00000006      0x1a00037e   Section        0  libshutdown2.o(.ARM.Collect$$libshutdown$$00000006)
    .ARM.Collect$$libshutdown$$00000009      0x1a00037e   Section        0  libshutdown2.o(.ARM.Collect$$libshutdown$$00000009)
    .ARM.Collect$$libshutdown$$0000000B      0x1a00037e   Section        0  libshutdown2.o(.ARM.Collect$$libshutdown$$0000000B)
    .ARM.Collect$$libshutdown$$0000000E      0x1a00037e   Section        0  libshutdown2.o(.ARM.Collect$$libshutdown$$0000000E)
    .ARM.Collect$$libshutdown$$0000000F      0x1a00037e   Section        2  libshutdown2.o(.ARM.Collect$$libshutdown$$0000000F)
    .ARM.Collect$$rtentry$$00000000          0x1a000380   Section        0  rtentry.o(.ARM.Collect$$rtentry$$00000000)
    .ARM.Collect$$rtentry$$00000002          0x1a000380   Section        0  rtentry2.o(.ARM.Collect$$rtentry$$00000002)
    .ARM.Collect$$rtentry$$00000004          0x1a000380   Section        6  rtentry4.o(.ARM.Collect$$rtentry$$00000004)
    .ARM.Collect$$rtentry$$00000009          0x1a000386   Section        0  rtentry2.o(.ARM.Collect$$rtentry$$00000009)
    .ARM.Collect$$rtentry$$0000000A          0x1a000386   Section        4  rtentry2.o(.ARM.Collect$$rtentry$$0000000A)
    .ARM.Collect$$rtentry$$0000000C          0x1a00038a   Section        0  rtentry2.o(.ARM.Collect$$rtentry$$0000000C)
    .ARM.Collect$$rtentry$$0000000D          0x1a00038a   Section        8  rtentry2.o(.ARM.Collect$$rtentry$$0000000D)
    .ARM.Collect$$rtexit$$00000000           0x1a000392   Section        2  rtexit.o(.ARM.Collect$$rtexit$$00000000)
    .ARM.Collect$$rtexit$$00000002           0x1a000394   Section        0  rtexit2.o(.ARM.Collect$$rtexit$$00000002)
    .ARM.Collect$$rtexit$$00000003           0x1a000394   Section        4  rtexit2.o(.ARM.Collect$$rtexit$$00000003)
    .ARM.Collect$$rtexit$$00000004           0x1a000398   Section        6  rtexit2.o(.ARM.Collect$$rtexit$$00000004)
    .text                                    0x1a0003a0   Section       64  startup_lpc43xx.o(.text)
    $v0                                      0x1a0003a0   Number         0  startup_lpc43xx.o(.text)
    .text                                    0x1a0003e0   Section        0  system_lpc43xx.o(.text)
    .text                                    0x1a00041c   Section        0  lpc43xx_cgu.o(.text)
    .text                                    0x1a000d60   Section        0  lpc43xx_gpio.o(.text)
    .text                                    0x1a000e18   Section        0  lpc43xx_scu.o(.text)
    .text                                    0x1a000e3c   Section        0  lpc43xx_sdif.o(.text)
    sdif_enable_clock                        0x1a000e3d   Thumb Code    28  lpc43xx_sdif.o(.text)
    sdif_disable_clock                       0x1a000e59   Thumb Code    28  lpc43xx_sdif.o(.text)
    .text                                    0x1a0010e8   Section        0  main.o(.text)
    .text                                    0x1a00111e   Section        0  heapauxi.o(.text)
    .text                                    0x1a001124   Section       74  sys_stackheap_outer.o(.text)
    .text                                    0x1a00116e   Section        0  exit.o(.text)
    .text                                    0x1a00117c   Section        8  libspace.o(.text)
    .text                                    0x1a001184   Section        0  sys_exit.o(.text)
    .text                                    0x1a001190   Section        2  use_no_semi.o(.text)
    .text                                    0x1a001192   Section        0  indicate_semi.o(.text)
    x$fpl$fpinit                             0x1a001192   Section       10  fpinit.o(x$fpl$fpinit)
    $v0                                      0x1a001192   Number         0  fpinit.o(x$fpl$fpinit)
    .constdata                               0x1a00119c   Section     1246  lpc43xx_cgu.o(.constdata)

    Global Symbols

    Symbol Name                              Value     Ov Type        Size  Object(Section)

    BuildAttributes$$THM_ISAv4$E$P$D$K$B$S$7EM$VFPi3$EXTD16$VFPS$VFMA$PE$A:L22UL41UL21$X:L11$S22US41US21$IEEE1$IW$USESV6$~STKCKD$USESV7$~SHL$OSPACE$ROPI$EBA8$UX$STANDARDLIB$REQ8$PRES8$EABIv2 0x00000000   Number         0  anon$$obj.o ABSOLUTE
    __ARM_use_no_argv                        0x00000000   Number         0  main.o ABSOLUTE
    __ARM_exceptions_init                     - Undefined Weak Reference
    __alloca_initialize                       - Undefined Weak Reference
    __cpp_initialize__aeabi_                  - Undefined Weak Reference
    __cxa_finalize                            - Undefined Weak Reference
    __rt_locale                               - Undefined Weak Reference
    __sigvec_lookup                           - Undefined Weak Reference
    _atexit_init                              - Undefined Weak Reference
    _call_atexit_fns                          - Undefined Weak Reference
    _clock_init                               - Undefined Weak Reference
    _fp_trap_init                             - Undefined Weak Reference
    _fp_trap_shutdown                         - Undefined Weak Reference
    _get_lc_collate                           - Undefined Weak Reference
    _get_lc_ctype                             - Undefined Weak Reference
    _get_lc_monetary                          - Undefined Weak Reference
    _get_lc_numeric                           - Undefined Weak Reference
    _get_lc_time                              - Undefined Weak Reference
    _getenv_init                              - Undefined Weak Reference
    _handle_redirection                       - Undefined Weak Reference
    _init_alloc                               - Undefined Weak Reference
    _init_user_alloc                          - Undefined Weak Reference
    _initio                                   - Undefined Weak Reference
    _rand_init                                - Undefined Weak Reference
    _signal_finish                            - Undefined Weak Reference
    _signal_init                              - Undefined Weak Reference
    _terminate_alloc                          - Undefined Weak Reference
    _terminate_user_alloc                     - Undefined Weak Reference
    _terminateio                              - Undefined Weak Reference
    SystemCoreClock                          0x10000000   Data           4  system_lpc43xx.o(.data)
    CGU_ClockSourceFrequency                 0x10000004   Data          68  lpc43xx_cgu.o(.data)
    __libspace_start                         0x10000168   Data          96  libspace.o(.bss)
    __temporary_stack_top$libspace           0x100001c8   Data           0  libspace.o(.bss)
    __Vectors                                0x1a000000   Data           4  startup_lpc43xx.o(RESET)
    __main                                   0x1a000301   Thumb Code     8  __main.o(!!!main)
    __scatterload                            0x1a000309   Thumb Code     0  __scatter.o(!!!scatter)
    __scatterload_rt2                        0x1a000309   Thumb Code    44  __scatter.o(!!!scatter)
    __scatterload_rt2_thumb_only             0x1a000309   Thumb Code     0  __scatter.o(!!!scatter)
    __scatterload_null                       0x1a000317   Thumb Code     0  __scatter.o(!!!scatter)
    __scatterload_copy                       0x1a00033d   Thumb Code    26  __scatter_copy.o(!!handler_copy)
    __scatterload_zeroinit                   0x1a000359   Thumb Code    28  __scatter_zi.o(!!handler_zi)
    __rt_lib_init                            0x1a000375   Thumb Code     0  libinit.o(.ARM.Collect$$libinit$$00000000)
    __rt_lib_init_fp_1                       0x1a000377   Thumb Code     0  libinit2.o(.ARM.Collect$$libinit$$00000001)
    __rt_lib_init_alloca_1                   0x1a00037b   Thumb Code     0  libinit2.o(.ARM.Collect$$libinit$$0000002C)
    __rt_lib_init_argv_1                     0x1a00037b   Thumb Code     0  libinit2.o(.ARM.Collect$$libinit$$0000002A)
    __rt_lib_init_atexit_1                   0x1a00037b   Thumb Code     0  libinit2.o(.ARM.Collect$$libinit$$00000019)
    __rt_lib_init_clock_1                    0x1a00037b   Thumb Code     0  libinit2.o(.ARM.Collect$$libinit$$0000001F)
    __rt_lib_init_cpp_1                      0x1a00037b   Thumb Code     0  libinit2.o(.ARM.Collect$$libinit$$00000030)
    __rt_lib_init_exceptions_1               0x1a00037b   Thumb Code     0  libinit2.o(.ARM.Collect$$libinit$$0000002E)
    __rt_lib_init_fp_trap_1                  0x1a00037b   Thumb Code     0  libinit2.o(.ARM.Collect$$libinit$$0000001D)
    __rt_lib_init_getenv_1                   0x1a00037b   Thumb Code     0  libinit2.o(.ARM.Collect$$libinit$$00000021)
    __rt_lib_init_heap_1                     0x1a00037b   Thumb Code     0  libinit2.o(.ARM.Collect$$libinit$$00000008)
    __rt_lib_init_lc_collate_1               0x1a00037b   Thumb Code     0  libinit2.o(.ARM.Collect$$libinit$$0000000F)
    __rt_lib_init_lc_ctype_1                 0x1a00037b   Thumb Code     0  libinit2.o(.ARM.Collect$$libinit$$00000011)
    __rt_lib_init_lc_monetary_1              0x1a00037b   Thumb Code     0  libinit2.o(.ARM.Collect$$libinit$$00000013)
    __rt_lib_init_lc_numeric_1               0x1a00037b   Thumb Code     0  libinit2.o(.ARM.Collect$$libinit$$00000015)
    __rt_lib_init_lc_time_1                  0x1a00037b   Thumb Code     0  libinit2.o(.ARM.Collect$$libinit$$00000017)
    __rt_lib_init_rand_1                     0x1a00037b   Thumb Code     0  libinit2.o(.ARM.Collect$$libinit$$0000000C)
    __rt_lib_init_return                     0x1a00037b   Thumb Code     0  libinit2.o(.ARM.Collect$$libinit$$00000031)
    __rt_lib_init_signal_1                   0x1a00037b   Thumb Code     0  libinit2.o(.ARM.Collect$$libinit$$0000001B)
    __rt_lib_init_stdio_1                    0x1a00037b   Thumb Code     0  libinit2.o(.ARM.Collect$$libinit$$00000023)
    __rt_lib_init_user_alloc_1               0x1a00037b   Thumb Code     0  libinit2.o(.ARM.Collect$$libinit$$0000000A)
    __rt_lib_shutdown                        0x1a00037d   Thumb Code     0  libshutdown.o(.ARM.Collect$$libshutdown$$00000000)
    __rt_lib_shutdown_fp_trap_1              0x1a00037f   Thumb Code     0  libshutdown2.o(.ARM.Collect$$libshutdown$$00000006)
    __rt_lib_shutdown_heap_1                 0x1a00037f   Thumb Code     0  libshutdown2.o(.ARM.Collect$$libshutdown$$0000000E)
    __rt_lib_shutdown_return                 0x1a00037f   Thumb Code     0  libshutdown2.o(.ARM.Collect$$libshutdown$$0000000F)
    __rt_lib_shutdown_signal_1               0x1a00037f   Thumb Code     0  libshutdown2.o(.ARM.Collect$$libshutdown$$00000009)
    __rt_lib_shutdown_stdio_1                0x1a00037f   Thumb Code     0  libshutdown2.o(.ARM.Collect$$libshutdown$$00000003)
    __rt_lib_shutdown_user_alloc_1           0x1a00037f   Thumb Code     0  libshutdown2.o(.ARM.Collect$$libshutdown$$0000000B)
    __rt_entry                               0x1a000381   Thumb Code     0  rtentry.o(.ARM.Collect$$rtentry$$00000000)
    __rt_entry_presh_1                       0x1a000381   Thumb Code     0  rtentry2.o(.ARM.Collect$$rtentry$$00000002)
    __rt_entry_sh                            0x1a000381   Thumb Code     0  rtentry4.o(.ARM.Collect$$rtentry$$00000004)
    __rt_entry_li                            0x1a000387   Thumb Code     0  rtentry2.o(.ARM.Collect$$rtentry$$0000000A)
    __rt_entry_postsh_1                      0x1a000387   Thumb Code     0  rtentry2.o(.ARM.Collect$$rtentry$$00000009)
    __rt_entry_main                          0x1a00038b   Thumb Code     0  rtentry2.o(.ARM.Collect$$rtentry$$0000000D)
    __rt_entry_postli_1                      0x1a00038b   Thumb Code     0  rtentry2.o(.ARM.Collect$$rtentry$$0000000C)
    __rt_exit                                0x1a000393   Thumb Code     0  rtexit.o(.ARM.Collect$$rtexit$$00000000)
    __rt_exit_ls                             0x1a000395   Thumb Code     0  rtexit2.o(.ARM.Collect$$rtexit$$00000003)
    __rt_exit_prels_1                        0x1a000395   Thumb Code     0  rtexit2.o(.ARM.Collect$$rtexit$$00000002)
    __rt_exit_exit                           0x1a000399   Thumb Code     0  rtexit2.o(.ARM.Collect$$rtexit$$00000004)
    Reset_Handler                            0x1a0003a1   Thumb Code     8  startup_lpc43xx.o(.text)
    NMI_Handler                              0x1a0003a9   Thumb Code     2  startup_lpc43xx.o(.text)
    HardFault_Handler                        0x1a0003ab   Thumb Code     2  startup_lpc43xx.o(.text)
    MemManage_Handler                        0x1a0003ad   Thumb Code     2  startup_lpc43xx.o(.text)
    BusFault_Handler                         0x1a0003af   Thumb Code     2  startup_lpc43xx.o(.text)
    UsageFault_Handler                       0x1a0003b1   Thumb Code     2  startup_lpc43xx.o(.text)
    SVC_Handler                              0x1a0003b3   Thumb Code     2  startup_lpc43xx.o(.text)
    DebugMon_Handler                         0x1a0003b5   Thumb Code     2  startup_lpc43xx.o(.text)
    PendSV_Handler                           0x1a0003b7   Thumb Code     2  startup_lpc43xx.o(.text)
    SysTick_Handler                          0x1a0003b9   Thumb Code     2  startup_lpc43xx.o(.text)
    ADC0_IRQHandler                          0x1a0003bb   Thumb Code     0  startup_lpc43xx.o(.text)
    ADC1_IRQHandler                          0x1a0003bb   Thumb Code     0  startup_lpc43xx.o(.text)
    ADCHS_IRQHandler                         0x1a0003bb   Thumb Code     0  startup_lpc43xx.o(.text)
    ATIMER_IRQHandler                        0x1a0003bb   Thumb Code     0  startup_lpc43xx.o(.text)
    C_CAN0_IRQHandler                        0x1a0003bb   Thumb Code     0  startup_lpc43xx.o(.text)
    C_CAN1_IRQHandler                        0x1a0003bb   Thumb Code     0  startup_lpc43xx.o(.text)
    DAC_IRQHandler                           0x1a0003bb   Thumb Code     0  startup_lpc43xx.o(.text)
    DMA_IRQHandler                           0x1a0003bb   Thumb Code     0  startup_lpc43xx.o(.text)
    ETHERNET_IRQHandler                      0x1a0003bb   Thumb Code     0  startup_lpc43xx.o(.text)
    EVENTROUTER_IRQHandler                   0x1a0003bb   Thumb Code     0  startup_lpc43xx.o(.text)
    FLASHEEPROM_IRQHandler                   0x1a0003bb   Thumb Code     0  startup_lpc43xx.o(.text)
    GINT0_IRQHandler                         0x1a0003bb   Thumb Code     0  startup_lpc43xx.o(.text)
    GINT1_IRQHandler                         0x1a0003bb   Thumb Code     0  startup_lpc43xx.o(.text)
    I2C0_IRQHandler                          0x1a0003bb   Thumb Code     0  startup_lpc43xx.o(.text)
    I2C1_IRQHandler                          0x1a0003bb   Thumb Code     0  startup_lpc43xx.o(.text)
    I2S0_IRQHandler                          0x1a0003bb   Thumb Code     0  startup_lpc43xx.o(.text)
    I2S1_IRQHandler                          0x1a0003bb   Thumb Code     0  startup_lpc43xx.o(.text)
    LCD_IRQHandler                           0x1a0003bb   Thumb Code     0  startup_lpc43xx.o(.text)
    M0APP_IRQHandler                         0x1a0003bb   Thumb Code     0  startup_lpc43xx.o(.text)
    M0SUB_IRQHandler                         0x1a0003bb   Thumb Code     0  startup_lpc43xx.o(.text)
    MCPWM_IRQHandler                         0x1a0003bb   Thumb Code     0  startup_lpc43xx.o(.text)
    PIN_INT0_IRQHandler                      0x1a0003bb   Thumb Code     0  startup_lpc43xx.o(.text)
    PIN_INT1_IRQHandler                      0x1a0003bb   Thumb Code     0  startup_lpc43xx.o(.text)
    PIN_INT2_IRQHandler                      0x1a0003bb   Thumb Code     0  startup_lpc43xx.o(.text)
    PIN_INT3_IRQHandler                      0x1a0003bb   Thumb Code     0  startup_lpc43xx.o(.text)
    PIN_INT4_IRQHandler                      0x1a0003bb   Thumb Code     0  startup_lpc43xx.o(.text)
    PIN_INT5_IRQHandler                      0x1a0003bb   Thumb Code     0  startup_lpc43xx.o(.text)
    PIN_INT6_IRQHandler                      0x1a0003bb   Thumb Code     0  startup_lpc43xx.o(.text)
    PIN_INT7_IRQHandler                      0x1a0003bb   Thumb Code     0  startup_lpc43xx.o(.text)
    QEI_IRQHandler                           0x1a0003bb   Thumb Code     0  startup_lpc43xx.o(.text)
    RITIMER_IRQHandler                       0x1a0003bb   Thumb Code     0  startup_lpc43xx.o(.text)
    RTC_IRQHandler                           0x1a0003bb   Thumb Code     0  startup_lpc43xx.o(.text)
    SCT_IRQHandler                           0x1a0003bb   Thumb Code     0  startup_lpc43xx.o(.text)
    SGPIO_IRQHandler                         0x1a0003bb   Thumb Code     0  startup_lpc43xx.o(.text)
    SPIFI_IRQHandler                         0x1a0003bb   Thumb Code     0  startup_lpc43xx.o(.text)
    SPI_IRQHandler                           0x1a0003bb   Thumb Code     0  startup_lpc43xx.o(.text)
    SSP0_IRQHandler                          0x1a0003bb   Thumb Code     0  startup_lpc43xx.o(.text)
    SSP1_IRQHandler                          0x1a0003bb   Thumb Code     0  startup_lpc43xx.o(.text)
    TIMER0_IRQHandler                        0x1a0003bb   Thumb Code     0  startup_lpc43xx.o(.text)
    TIMER1_IRQHandler                        0x1a0003bb   Thumb Code     0  startup_lpc43xx.o(.text)
    TIMER2_IRQHandler                        0x1a0003bb   Thumb Code     0  startup_lpc43xx.o(.text)
    TIMER3_IRQHandler                        0x1a0003bb   Thumb Code     0  startup_lpc43xx.o(.text)
    UART1_IRQHandler                         0x1a0003bb   Thumb Code     0  startup_lpc43xx.o(.text)
    USART0_IRQHandler                        0x1a0003bb   Thumb Code     0  startup_lpc43xx.o(.text)
    USART2_IRQHandler                        0x1a0003bb   Thumb Code     0  startup_lpc43xx.o(.text)
    USART3_IRQHandler                        0x1a0003bb   Thumb Code     0  startup_lpc43xx.o(.text)
    USB0_IRQHandler                          0x1a0003bb   Thumb Code     0  startup_lpc43xx.o(.text)
    USB1_IRQHandler                          0x1a0003bb   Thumb Code     0  startup_lpc43xx.o(.text)
    WWDT_IRQHandler                          0x1a0003bb   Thumb Code     0  startup_lpc43xx.o(.text)
    __user_initial_stackheap                 0x1a0003bd   Thumb Code     0  startup_lpc43xx.o(.text)
    SystemInit                               0x1a0003e1   Thumb Code    36  system_lpc43xx.o(.text)
    CGU_UpdateClock                          0x1a00041d   Thumb Code   180  lpc43xx_cgu.o(.text)
    CGU_EntityConnect                        0x1a0004d1   Thumb Code   116  lpc43xx_cgu.o(.text)
    CGU_EnableEntity                         0x1a000545   Thumb Code   272  lpc43xx_cgu.o(.text)
    CGU_SetPLL1                              0x1a000655   Thumb Code   160  lpc43xx_cgu.o(.text)
    CGU_SetXTALOSC                           0x1a0006f5   Thumb Code    54  lpc43xx_cgu.o(.text)
    CGU_Init                                 0x1a00072b   Thumb Code    54  lpc43xx_cgu.o(.text)
    CGU_GetBaseStatus                        0x1a000761   Thumb Code   232  lpc43xx_cgu.o(.text)
    CGU_ConfigPWR                            0x1a000849   Thumb Code   672  lpc43xx_cgu.o(.text)
    CGU_GetPCLKFrequency                     0x1a000ae9   Thumb Code   230  lpc43xx_cgu.o(.text)
    CGU_SetDIV                               0x1a000bcf   Thumb Code    56  lpc43xx_cgu.o(.text)
    CGU_SetPLL0                              0x1a000c07   Thumb Code    62  lpc43xx_cgu.o(.text)
    CGU_SetPLL0audio                         0x1a000c45   Thumb Code    34  lpc43xx_cgu.o(.text)
    CGU_FrequencyMonitor                     0x1a000c67   Thumb Code   166  lpc43xx_cgu.o(.text)
    CGU_RealFrequencyCompare                 0x1a000d0d   Thumb Code    64  lpc43xx_cgu.o(.text)
    GPIO_SetDir                              0x1a000d61   Thumb Code    36  lpc43xx_gpio.o(.text)
    GPIO_SetValue                            0x1a000d85   Thumb Code     8  lpc43xx_gpio.o(.text)
    GPIO_ClearValue                          0x1a000d8d   Thumb Code    10  lpc43xx_gpio.o(.text)
    GPIO_ReadValue                           0x1a000d97   Thumb Code    10  lpc43xx_gpio.o(.text)
    FIO_SetDir                               0x1a000da1   Thumb Code    20  lpc43xx_gpio.o(.text)
    FIO_SetValue                             0x1a000db5   Thumb Code    16  lpc43xx_gpio.o(.text)
    FIO_ClearValue                           0x1a000dc5   Thumb Code    16  lpc43xx_gpio.o(.text)
    FIO_ReadValue                            0x1a000dd5   Thumb Code    12  lpc43xx_gpio.o(.text)
    FIO_SetMask                              0x1a000de1   Thumb Code    44  lpc43xx_gpio.o(.text)
    scu_pinmux                               0x1a000e19   Thumb Code    30  lpc43xx_scu.o(.text)
    sdif_dma_setup                           0x1a000e75   Thumb Code   138  lpc43xx_sdif.o(.text)
    sdif_send_cmd                            0x1a000eff   Thumb Code    92  lpc43xx_sdif.o(.text)
    sdif_get_response                        0x1a000f5b   Thumb Code    34  lpc43xx_sdif.o(.text)
    sdif_set_clock                           0x1a000f7d   Thumb Code   108  lpc43xx_sdif.o(.text)
    sdif_card_ndetect                        0x1a000fe9   Thumb Code    20  lpc43xx_sdif.o(.text)
    sdif_card_wp_on                          0x1a000ffd   Thumb Code    20  lpc43xx_sdif.o(.text)
    sdif_power_onoff                         0x1a001011   Thumb Code    22  lpc43xx_sdif.o(.text)
    sdif_reset                               0x1a001027   Thumb Code    22  lpc43xx_sdif.o(.text)
    sdif_set_blksize                         0x1a00103d   Thumb Code     8  lpc43xx_sdif.o(.text)
    sdif_set_lowpower_mode                   0x1a001045   Thumb Code    18  lpc43xx_sdif.o(.text)
    sdif_init                                0x1a001057   Thumb Code    92  lpc43xx_sdif.o(.text)
    sdif_deinit                              0x1a0010b3   Thumb Code     8  lpc43xx_sdif.o(.text)
    SDIO_IRQHandler                          0x1a0010bb   Thumb Code    16  lpc43xx_sdif.o(.text)
    main                                     0x1a0010e9   Thumb Code    54  main.o(.text)
    __use_two_region_memory                  0x1a00111f   Thumb Code     2  heapauxi.o(.text)
    __rt_heap_escrow$2region                 0x1a001121   Thumb Code     2  heapauxi.o(.text)
    __rt_heap_expand$2region                 0x1a001123   Thumb Code     2  heapauxi.o(.text)
    __user_setup_stackheap                   0x1a001125   Thumb Code    74  sys_stackheap_outer.o(.text)
    exit                                     0x1a00116f   Thumb Code    12  exit.o(.text)
    __user_libspace                          0x1a00117d   Thumb Code     8  libspace.o(.text)
    __user_perproc_libspace                  0x1a00117d   Thumb Code     0  libspace.o(.text)
    __user_perthread_libspace                0x1a00117d   Thumb Code     0  libspace.o(.text)
    _sys_exit                                0x1a001185   Thumb Code     8  sys_exit.o(.text)
    __I$use$semihosting                      0x1a001191   Thumb Code     0  use_no_semi.o(.text)
    __use_no_semihosting_swi                 0x1a001191   Thumb Code     2  use_no_semi.o(.text)
    __semihosting_library_function           0x1a001193   Thumb Code     0  indicate_semi.o(.text)
    _fp_init                                 0x1a001193   Thumb Code    10  fpinit.o(x$fpl$fpinit)
    __fplib_config_fpu_vfp                   0x1a00119b   Thumb Code     0  fpinit.o(x$fpl$fpinit)
    __fplib_config_pureend_doubles           0x1a00119b   Thumb Code     0  fpinit.o(x$fpl$fpinit)
    CGU_Entity_ControlReg_Offset             0x1a00119c   Data          90  lpc43xx_cgu.o(.constdata)
    CGU_ConnectAlloc_Tbl                     0x1a0011f6   Data         765  lpc43xx_cgu.o(.constdata)
    CGU_PERIPHERAL_Info                      0x1a0014f4   Data         390  lpc43xx_cgu.o(.constdata)
    Region$$Table$$Base                      0x1a00167c   Number         0  anon$$obj.o(Region$$Table)
    Region$$Table$$Limit                     0x1a00169c   Number         0  anon$$obj.o(Region$$Table)



==============================================================================

Memory Map of the image

  Image Entry point : 0x1a0003a1

  Load Region LR_1 (Base: 0x1a000000, Size: 0x000016e4, Max: 0xffffffff, ABSOLUTE)

    Execution Region ER_RW (Base: 0x10000000, Size: 0x00000048, Max: 0xffffffff, ABSOLUTE)

    Base Addr    Size         Type   Attr      Idx    E Section Name        Object

    0x10000000   0x00000004   Data   RW           12    .data               system_lpc43xx.o
    0x10000004   0x00000044   Data   RW          133    .data               lpc43xx_cgu.o


    Execution Region ER_ZI (Base: 0x10000048, Size: 0x00000780, Max: 0xffffffff, ABSOLUTE)

    Base Addr    Size         Type   Attr      Idx    E Section Name        Object

    0x10000048   0x00000120   Zero   RW          454    .bss                lpc43xx_sdif.o
    0x10000168   0x00000060   Zero   RW          650    .bss                c_w.l(libspace.o)
    0x100001c8   0x00000200   Zero   RW            2    HEAP                startup_lpc43xx.o
    0x100003c8   0x00000400   Zero   RW            1    STACK               startup_lpc43xx.o


    Execution Region ER_RO (Base: 0x1a000000, Size: 0x0000169c, Max: 0xffffffff, ABSOLUTE)

    Base Addr    Size         Type   Attr      Idx    E Section Name        Object

    0x1a000000   0x00000300   Data   RO            3    RESET               startup_lpc43xx.o
    0x1a000300   0x00000008   Code   RO          611  * !!!main             c_w.l(__main.o)
    0x1a000308   0x00000034   Code   RO          775    !!!scatter          c_w.l(__scatter.o)
    0x1a00033c   0x0000001a   Code   RO          777    !!handler_copy      c_w.l(__scatter_copy.o)
    0x1a000356   0x00000002   PAD
    0x1a000358   0x0000001c   Code   RO          779    !!handler_zi        c_w.l(__scatter_zi.o)
    0x1a000374   0x00000002   Code   RO          648    .ARM.Collect$$libinit$$00000000  c_w.l(libinit.o)
    0x1a000376   0x00000004   Code   RO          660    .ARM.Collect$$libinit$$00000001  c_w.l(libinit2.o)
    0x1a00037a   0x00000000   Code   RO          664    .ARM.Collect$$libinit$$00000008  c_w.l(libinit2.o)
    0x1a00037a   0x00000000   Code   RO          666    .ARM.Collect$$libinit$$0000000A  c_w.l(libinit2.o)
    0x1a00037a   0x00000000   Code   RO          668    .ARM.Collect$$libinit$$0000000C  c_w.l(libinit2.o)
    0x1a00037a   0x00000000   Code   RO          671    .ARM.Collect$$libinit$$0000000F  c_w.l(libinit2.o)
    0x1a00037a   0x00000000   Code   RO          673    .ARM.Collect$$libinit$$00000011  c_w.l(libinit2.o)
    0x1a00037a   0x00000000   Code   RO          675    .ARM.Collect$$libinit$$00000013  c_w.l(libinit2.o)
    0x1a00037a   0x00000000   Code   RO          677    .ARM.Collect$$libinit$$00000015  c_w.l(libinit2.o)
    0x1a00037a   0x00000000   Code   RO          679    .ARM.Collect$$libinit$$00000017  c_w.l(libinit2.o)
    0x1a00037a   0x00000000   Code   RO          681    .ARM.Collect$$libinit$$00000019  c_w.l(libinit2.o)
    0x1a00037a   0x00000000   Code   RO          683    .ARM.Collect$$libinit$$0000001B  c_w.l(libinit2.o)
    0x1a00037a   0x00000000   Code   RO          685    .ARM.Collect$$libinit$$0000001D  c_w.l(libinit2.o)
    0x1a00037a   0x00000000   Code   RO          687    .ARM.Collect$$libinit$$0000001F  c_w.l(libinit2.o)
    0x1a00037a   0x00000000   Code   RO          689    .ARM.Collect$$libinit$$00000021  c_w.l(libinit2.o)
    0x1a00037a   0x00000000   Code   RO          691    .ARM.Collect$$libinit$$00000023  c_w.l(libinit2.o)
    0x1a00037a   0x00000000   Code   RO          695    .ARM.Collect$$libinit$$0000002A  c_w.l(libinit2.o)
    0x1a00037a   0x00000000   Code   RO          697    .ARM.Collect$$libinit$$0000002C  c_w.l(libinit2.o)
    0x1a00037a   0x00000000   Code   RO          699    .ARM.Collect$$libinit$$0000002E  c_w.l(libinit2.o)
    0x1a00037a   0x00000000   Code   RO          701    .ARM.Collect$$libinit$$00000030  c_w.l(libinit2.o)
    0x1a00037a   0x00000002   Code   RO          702    .ARM.Collect$$libinit$$00000031  c_w.l(libinit2.o)
    0x1a00037c   0x00000002   Code   RO          733    .ARM.Collect$$libshutdown$$00000000  c_w.l(libshutdown.o)
    0x1a00037e   0x00000000   Code   RO          760    .ARM.Collect$$libshutdown$$00000003  c_w.l(libshutdown2.o)
    0x1a00037e   0x00000000   Code   RO          763    .ARM.Collect$$libshutdown$$00000006  c_w.l(libshutdown2.o)
    0x1a00037e   0x00000000   Code   RO          766    .ARM.Collect$$libshutdown$$00000009  c_w.l(libshutdown2.o)
    0x1a00037e   0x00000000   Code   RO          768    .ARM.Collect$$libshutdown$$0000000B  c_w.l(libshutdown2.o)
    0x1a00037e   0x00000000   Code   RO          771    .ARM.Collect$$libshutdown$$0000000E  c_w.l(libshutdown2.o)
    0x1a00037e   0x00000002   Code   RO          772    .ARM.Collect$$libshutdown$$0000000F  c_w.l(libshutdown2.o)
    0x1a000380   0x00000000   Code   RO          613    .ARM.Collect$$rtentry$$00000000  c_w.l(rtentry.o)
    0x1a000380   0x00000000   Code   RO          619    .ARM.Collect$$rtentry$$00000002  c_w.l(rtentry2.o)
    0x1a000380   0x00000006   Code   RO          631    .ARM.Collect$$rtentry$$00000004  c_w.l(rtentry4.o)
    0x1a000386   0x00000000   Code   RO          621    .ARM.Collect$$rtentry$$00000009  c_w.l(rtentry2.o)
    0x1a000386   0x00000004   Code   RO          622    .ARM.Collect$$rtentry$$0000000A  c_w.l(rtentry2.o)
    0x1a00038a   0x00000000   Code   RO          624    .ARM.Collect$$rtentry$$0000000C  c_w.l(rtentry2.o)
    0x1a00038a   0x00000008   Code   RO          625    .ARM.Collect$$rtentry$$0000000D  c_w.l(rtentry2.o)
    0x1a000392   0x00000002   Code   RO          652    .ARM.Collect$$rtexit$$00000000  c_w.l(rtexit.o)
    0x1a000394   0x00000000   Code   RO          706    .ARM.Collect$$rtexit$$00000002  c_w.l(rtexit2.o)
    0x1a000394   0x00000004   Code   RO          707    .ARM.Collect$$rtexit$$00000003  c_w.l(rtexit2.o)
    0x1a000398   0x00000006   Code   RO          708    .ARM.Collect$$rtexit$$00000004  c_w.l(rtexit2.o)
    0x1a00039e   0x00000002   PAD
    0x1a0003a0   0x00000040   Code   RO            4  * .text               startup_lpc43xx.o
    0x1a0003e0   0x0000003c   Code   RO           11    .text               system_lpc43xx.o
    0x1a00041c   0x00000944   Code   RO          131    .text               lpc43xx_cgu.o
    0x1a000d60   0x000000b8   Code   RO          218    .text               lpc43xx_gpio.o
    0x1a000e18   0x00000024   Code   RO          437    .text               lpc43xx_scu.o
    0x1a000e3c   0x000002ac   Code   RO          453    .text               lpc43xx_sdif.o
    0x1a0010e8   0x00000036   Code   RO          581    .text               main.o
    0x1a00111e   0x00000006   Code   RO          609    .text               c_w.l(heapauxi.o)
    0x1a001124   0x0000004a   Code   RO          635    .text               c_w.l(sys_stackheap_outer.o)
    0x1a00116e   0x0000000c   Code   RO          637    .text               c_w.l(exit.o)
    0x1a00117a   0x00000002   PAD
    0x1a00117c   0x00000008   Code   RO          649    .text               c_w.l(libspace.o)
    0x1a001184   0x0000000c   Code   RO          703    .text               c_w.l(sys_exit.o)
    0x1a001190   0x00000002   Code   RO          722    .text               c_w.l(use_no_semi.o)
    0x1a001192   0x00000000   Code   RO          724    .text               c_w.l(indicate_semi.o)
    0x1a001192   0x0000000a   Code   RO          718    x$fpl$fpinit        fz_wm.l(fpinit.o)
    0x1a00119c   0x000004de   Data   RO          132    .constdata          lpc43xx_cgu.o
    0x1a00167a   0x00000002   PAD
    0x1a00167c   0x00000020   Data   RO          773    Region$$Table       anon$$obj.o


==============================================================================

Image component sizes


      Code (inc. data)   RO Data    RW Data    ZI Data      Debug   Object Name

         0          0          0          0          0       4028   lpc43xx_adc.o
      2372        130       1246         68          0       7061   lpc43xx_cgu.o
       184         12          0          0          0       2324   lpc43xx_gpio.o
        36          6          0          0          0        901   lpc43xx_scu.o
       684         30          0          0        288       7828   lpc43xx_sdif.o
        54          0          0          0          0        407   main.o
        64         26        768          0       1536        776   startup_lpc43xx.o
        60         24          0          4          0       4999   system_lpc43xx.o

    ----------------------------------------------------------------------
      3454        228       2048         72       1824      28324   Object Totals
         0          0         32          0          0          0   (incl. Generated)
         0          0          2          0          0          0   (incl. Padding)

    ----------------------------------------------------------------------

      Code (inc. data)   RO Data    RW Data    ZI Data      Debug   Library Member Name

         8          0          0          0          0         68   __main.o
        52          8          0          0          0          0   __scatter.o
        26          0          0          0          0          0   __scatter_copy.o
        28          0          0          0          0          0   __scatter_zi.o
        12          0          0          0          0         72   exit.o
         6          0          0          0          0        152   heapauxi.o
         0          0          0          0          0          0   indicate_semi.o
         2          0          0          0          0          0   libinit.o
         6          0          0          0          0          0   libinit2.o
         2          0          0          0          0          0   libshutdown.o
         2          0          0          0          0          0   libshutdown2.o
         8          4          0          0         96         68   libspace.o
         0          0          0          0          0          0   rtentry.o
        12          0          0          0          0          0   rtentry2.o
         6          0          0          0          0          0   rtentry4.o
         2          0          0          0          0          0   rtexit.o
        10          0          0          0          0          0   rtexit2.o
        12          4          0          0          0         68   sys_exit.o
        74          0          0          0          0         80   sys_stackheap_outer.o
         2          0          0          0          0         68   use_no_semi.o
        10          0          0          0          0        116   fpinit.o

    ----------------------------------------------------------------------
       286         16          0          0         96        692   Library Totals
         6          0          0          0          0          0   (incl. Padding)

    ----------------------------------------------------------------------

      Code (inc. data)   RO Data    RW Data    ZI Data      Debug   Library Name

       270         16          0          0         96        576   c_w.l
        10          0          0          0          0        116   fz_wm.l

    ----------------------------------------------------------------------
       286         16          0          0         96        692   Library Totals

    ----------------------------------------------------------------------

==============================================================================


      Code (inc. data)   RO Data    RW Data    ZI Data      Debug   

      3740        244       2048         72       1920      27656   Grand Totals
      3740        244       2048         72       1920      27656   ELF Image Totals
      3740        244       2048         72          0          0   ROM Totals

==============================================================================

    Total RO  Size (Code + RO Data)                 5788 (   5.65kB)
    Total RW  Size (RW Data + ZI Data)              1992 (   1.95kB)
    Total ROM Size (Code + RO Data + RW Data)       5860 (   5.72kB)

==============================================================================

