14:39:07 **** Build of configuration Debug for project test_project_stm ****
make all 
Building file: ../startup/startup_stm32f407xx.s
Invoking: MCU GCC Assembler
%cd%
arm-none-eabi-as -mcpu=cortex-m4 -mthumb -mfloat-abi=hard -mfpu=fpv4-sp-d16 -g -o "startup/startup_stm32f407xx.o" "../startup/startup_stm32f407xx.s"
Finished building: ../startup/startup_stm32f407xx.s
 
Building file: ../Src/main.c
Invoking: MCU GCC Compiler
%cd%
arm-none-eabi-gcc -mcpu=cortex-m4 -mthumb -mfloat-abi=hard -mfpu=fpv4-sp-d16 -D'__weak=__attribute__((weak))' -D'__packed=__attribute__((__packed__))' -DUSE_HAL_DRIVER -DSTM32F407xx -I"D:/stm_cube_projects/test_project_stm/Inc" -I"D:/stm_cube_projects/test_project_stm/Drivers/STM32F4xx_HAL_Driver/Inc" -I"D:/stm_cube_projects/test_project_stm/Drivers/STM32F4xx_HAL_Driver/Inc/Legacy" -I"D:/stm_cube_projects/test_project_stm/Drivers/CMSIS/Device/ST/STM32F4xx/Include" -I"D:/stm_cube_projects/test_project_stm/Drivers/CMSIS/Include"  -Os -g3 -Wall -fmessage-length=0 -ffunction-sections -c -fmessage-length=0 -MMD -MP -MF"Src/main.d" -MT"Src/main.o" -o "Src/main.o" "../Src/main.c"
Finished building: ../Src/main.c
 
Building file: ../Src/stm32f4xx_hal_msp.c
Invoking: MCU GCC Compiler
%cd%
arm-none-eabi-gcc -mcpu=cortex-m4 -mthumb -mfloat-abi=hard -mfpu=fpv4-sp-d16 -D'__weak=__attribute__((weak))' -D'__packed=__attribute__((__packed__))' -DUSE_HAL_DRIVER -DSTM32F407xx -I"D:/stm_cube_projects/test_project_stm/Inc" -I"D:/stm_cube_projects/test_project_stm/Drivers/STM32F4xx_HAL_Driver/Inc" -I"D:/stm_cube_projects/test_project_stm/Drivers/STM32F4xx_HAL_Driver/Inc/Legacy" -I"D:/stm_cube_projects/test_project_stm/Drivers/CMSIS/Device/ST/STM32F4xx/Include" -I"D:/stm_cube_projects/test_project_stm/Drivers/CMSIS/Include"  -Os -g3 -Wall -fmessage-length=0 -ffunction-sections -c -fmessage-length=0 -MMD -MP -MF"Src/stm32f4xx_hal_msp.d" -MT"Src/stm32f4xx_hal_msp.o" -o "Src/stm32f4xx_hal_msp.o" "../Src/stm32f4xx_hal_msp.c"
Finished building: ../Src/stm32f4xx_hal_msp.c
 
Building file: ../Src/stm32f4xx_it.c
Invoking: MCU GCC Compiler
%cd%
arm-none-eabi-gcc -mcpu=cortex-m4 -mthumb -mfloat-abi=hard -mfpu=fpv4-sp-d16 -D'__weak=__attribute__((weak))' -D'__packed=__attribute__((__packed__))' -DUSE_HAL_DRIVER -DSTM32F407xx -I"D:/stm_cube_projects/test_project_stm/Inc" -I"D:/stm_cube_projects/test_project_stm/Drivers/STM32F4xx_HAL_Driver/Inc" -I"D:/stm_cube_projects/test_project_stm/Drivers/STM32F4xx_HAL_Driver/Inc/Legacy" -I"D:/stm_cube_projects/test_project_stm/Drivers/CMSIS/Device/ST/STM32F4xx/Include" -I"D:/stm_cube_projects/test_project_stm/Drivers/CMSIS/Include"  -Os -g3 -Wall -fmessage-length=0 -ffunction-sections -c -fmessage-length=0 -MMD -MP -MF"Src/stm32f4xx_it.d" -MT"Src/stm32f4xx_it.o" -o "Src/stm32f4xx_it.o" "../Src/stm32f4xx_it.c"
Finished building: ../Src/stm32f4xx_it.c
 
Building file: ../Src/system_stm32f4xx.c
Invoking: MCU GCC Compiler
%cd%
arm-none-eabi-gcc -mcpu=cortex-m4 -mthumb -mfloat-abi=hard -mfpu=fpv4-sp-d16 -D'__weak=__attribute__((weak))' -D'__packed=__attribute__((__packed__))' -DUSE_HAL_DRIVER -DSTM32F407xx -I"D:/stm_cube_projects/test_project_stm/Inc" -I"D:/stm_cube_projects/test_project_stm/Drivers/STM32F4xx_HAL_Driver/Inc" -I"D:/stm_cube_projects/test_project_stm/Drivers/STM32F4xx_HAL_Driver/Inc/Legacy" -I"D:/stm_cube_projects/test_project_stm/Drivers/CMSIS/Device/ST/STM32F4xx/Include" -I"D:/stm_cube_projects/test_project_stm/Drivers/CMSIS/Include"  -Os -g3 -Wall -fmessage-length=0 -ffunction-sections -c -fmessage-length=0 -MMD -MP -MF"Src/system_stm32f4xx.d" -MT"Src/system_stm32f4xx.o" -o "Src/system_stm32f4xx.o" "../Src/system_stm32f4xx.c"
Finished building: ../Src/system_stm32f4xx.c
 
Building file: ../Drivers/STM32F4xx_HAL_Driver/Src/stm32f4xx_hal.c
Invoking: MCU GCC Compiler
%cd%
arm-none-eabi-gcc -mcpu=cortex-m4 -mthumb -mfloat-abi=hard -mfpu=fpv4-sp-d16 -D'__weak=__attribute__((weak))' -D'__packed=__attribute__((__packed__))' -DUSE_HAL_DRIVER -DSTM32F407xx -I"D:/stm_cube_projects/test_project_stm/Inc" -I"D:/stm_cube_projects/test_project_stm/Drivers/STM32F4xx_HAL_Driver/Inc" -I"D:/stm_cube_projects/test_project_stm/Drivers/STM32F4xx_HAL_Driver/Inc/Legacy" -I"D:/stm_cube_projects/test_project_stm/Drivers/CMSIS/Device/ST/STM32F4xx/Include" -I"D:/stm_cube_projects/test_project_stm/Drivers/CMSIS/Include"  -Os -g3 -Wall -fmessage-length=0 -ffunction-sections -c -fmessage-length=0 -MMD -MP -MF"Drivers/STM32F4xx_HAL_Driver/Src/stm32f4xx_hal.d" -MT"Drivers/STM32F4xx_HAL_Driver/Src/stm32f4xx_hal.o" -o "Drivers/STM32F4xx_HAL_Driver/Src/stm32f4xx_hal.o" "../Drivers/STM32F4xx_HAL_Driver/Src/stm32f4xx_hal.c"
Finished building: ../Drivers/STM32F4xx_HAL_Driver/Src/stm32f4xx_hal.c
 
Building file: ../Drivers/STM32F4xx_HAL_Driver/Src/stm32f4xx_hal_cortex.c
Invoking: MCU GCC Compiler
%cd%
arm-none-eabi-gcc -mcpu=cortex-m4 -mthumb -mfloat-abi=hard -mfpu=fpv4-sp-d16 -D'__weak=__attribute__((weak))' -D'__packed=__attribute__((__packed__))' -DUSE_HAL_DRIVER -DSTM32F407xx -I"D:/stm_cube_projects/test_project_stm/Inc" -I"D:/stm_cube_projects/test_project_stm/Drivers/STM32F4xx_HAL_Driver/Inc" -I"D:/stm_cube_projects/test_project_stm/Drivers/STM32F4xx_HAL_Driver/Inc/Legacy" -I"D:/stm_cube_projects/test_project_stm/Drivers/CMSIS/Device/ST/STM32F4xx/Include" -I"D:/stm_cube_projects/test_project_stm/Drivers/CMSIS/Include"  -Os -g3 -Wall -fmessage-length=0 -ffunction-sections -c -fmessage-length=0 -MMD -MP -MF"Drivers/STM32F4xx_HAL_Driver/Src/stm32f4xx_hal_cortex.d" -MT"Drivers/STM32F4xx_HAL_Driver/Src/stm32f4xx_hal_cortex.o" -o "Drivers/STM32F4xx_HAL_Driver/Src/stm32f4xx_hal_cortex.o" "../Drivers/STM32F4xx_HAL_Driver/Src/stm32f4xx_hal_cortex.c"
Finished building: ../Drivers/STM32F4xx_HAL_Driver/Src/stm32f4xx_hal_cortex.c
 
Building file: ../Drivers/STM32F4xx_HAL_Driver/Src/stm32f4xx_hal_dma.c
Invoking: MCU GCC Compiler
%cd%
arm-none-eabi-gcc -mcpu=cortex-m4 -mthumb -mfloat-abi=hard -mfpu=fpv4-sp-d16 -D'__weak=__attribute__((weak))' -D'__packed=__attribute__((__packed__))' -DUSE_HAL_DRIVER -DSTM32F407xx -I"D:/stm_cube_projects/test_project_stm/Inc" -I"D:/stm_cube_projects/test_project_stm/Drivers/STM32F4xx_HAL_Driver/Inc" -I"D:/stm_cube_projects/test_project_stm/Drivers/STM32F4xx_HAL_Driver/Inc/Legacy" -I"D:/stm_cube_projects/test_project_stm/Drivers/CMSIS/Device/ST/STM32F4xx/Include" -I"D:/stm_cube_projects/test_project_stm/Drivers/CMSIS/Include"  -Os -g3 -Wall -fmessage-length=0 -ffunction-sections -c -fmessage-length=0 -MMD -MP -MF"Drivers/STM32F4xx_HAL_Driver/Src/stm32f4xx_hal_dma.d" -MT"Drivers/STM32F4xx_HAL_Driver/Src/stm32f4xx_hal_dma.o" -o "Drivers/STM32F4xx_HAL_Driver/Src/stm32f4xx_hal_dma.o" "../Drivers/STM32F4xx_HAL_Driver/Src/stm32f4xx_hal_dma.c"
Finished building: ../Drivers/STM32F4xx_HAL_Driver/Src/stm32f4xx_hal_dma.c
 
Building file: ../Drivers/STM32F4xx_HAL_Driver/Src/stm32f4xx_hal_dma_ex.c
Invoking: MCU GCC Compiler
%cd%
arm-none-eabi-gcc -mcpu=cortex-m4 -mthumb -mfloat-abi=hard -mfpu=fpv4-sp-d16 -D'__weak=__attribute__((weak))' -D'__packed=__attribute__((__packed__))' -DUSE_HAL_DRIVER -DSTM32F407xx -I"D:/stm_cube_projects/test_project_stm/Inc" -I"D:/stm_cube_projects/test_project_stm/Drivers/STM32F4xx_HAL_Driver/Inc" -I"D:/stm_cube_projects/test_project_stm/Drivers/STM32F4xx_HAL_Driver/Inc/Legacy" -I"D:/stm_cube_projects/test_project_stm/Drivers/CMSIS/Device/ST/STM32F4xx/Include" -I"D:/stm_cube_projects/test_project_stm/Drivers/CMSIS/Include"  -Os -g3 -Wall -fmessage-length=0 -ffunction-sections -c -fmessage-length=0 -MMD -MP -MF"Drivers/STM32F4xx_HAL_Driver/Src/stm32f4xx_hal_dma_ex.d" -MT"Drivers/STM32F4xx_HAL_Driver/Src/stm32f4xx_hal_dma_ex.o" -o "Drivers/STM32F4xx_HAL_Driver/Src/stm32f4xx_hal_dma_ex.o" "../Drivers/STM32F4xx_HAL_Driver/Src/stm32f4xx_hal_dma_ex.c"
Finished building: ../Drivers/STM32F4xx_HAL_Driver/Src/stm32f4xx_hal_dma_ex.c
 
Building file: ../Drivers/STM32F4xx_HAL_Driver/Src/stm32f4xx_hal_eth.c
Invoking: MCU GCC Compiler
%cd%
arm-none-eabi-gcc -mcpu=cortex-m4 -mthumb -mfloat-abi=hard -mfpu=fpv4-sp-d16 -D'__weak=__attribute__((weak))' -D'__packed=__attribute__((__packed__))' -DUSE_HAL_DRIVER -DSTM32F407xx -I"D:/stm_cube_projects/test_project_stm/Inc" -I"D:/stm_cube_projects/test_project_stm/Drivers/STM32F4xx_HAL_Driver/Inc" -I"D:/stm_cube_projects/test_project_stm/Drivers/STM32F4xx_HAL_Driver/Inc/Legacy" -I"D:/stm_cube_projects/test_project_stm/Drivers/CMSIS/Device/ST/STM32F4xx/Include" -I"D:/stm_cube_projects/test_project_stm/Drivers/CMSIS/Include"  -Os -g3 -Wall -fmessage-length=0 -ffunction-sections -c -fmessage-length=0 -MMD -MP -MF"Drivers/STM32F4xx_HAL_Driver/Src/stm32f4xx_hal_eth.d" -MT"Drivers/STM32F4xx_HAL_Driver/Src/stm32f4xx_hal_eth.o" -o "Drivers/STM32F4xx_HAL_Driver/Src/stm32f4xx_hal_eth.o" "../Drivers/STM32F4xx_HAL_Driver/Src/stm32f4xx_hal_eth.c"
Finished building: ../Drivers/STM32F4xx_HAL_Driver/Src/stm32f4xx_hal_eth.c
 
Building file: ../Drivers/STM32F4xx_HAL_Driver/Src/stm32f4xx_hal_flash.c
Invoking: MCU GCC Compiler
%cd%
arm-none-eabi-gcc -mcpu=cortex-m4 -mthumb -mfloat-abi=hard -mfpu=fpv4-sp-d16 -D'__weak=__attribute__((weak))' -D'__packed=__attribute__((__packed__))' -DUSE_HAL_DRIVER -DSTM32F407xx -I"D:/stm_cube_projects/test_project_stm/Inc" -I"D:/stm_cube_projects/test_project_stm/Drivers/STM32F4xx_HAL_Driver/Inc" -I"D:/stm_cube_projects/test_project_stm/Drivers/STM32F4xx_HAL_Driver/Inc/Legacy" -I"D:/stm_cube_projects/test_project_stm/Drivers/CMSIS/Device/ST/STM32F4xx/Include" -I"D:/stm_cube_projects/test_project_stm/Drivers/CMSIS/Include"  -Os -g3 -Wall -fmessage-length=0 -ffunction-sections -c -fmessage-length=0 -MMD -MP -MF"Drivers/STM32F4xx_HAL_Driver/Src/stm32f4xx_hal_flash.d" -MT"Drivers/STM32F4xx_HAL_Driver/Src/stm32f4xx_hal_flash.o" -o "Drivers/STM32F4xx_HAL_Driver/Src/stm32f4xx_hal_flash.o" "../Drivers/STM32F4xx_HAL_Driver/Src/stm32f4xx_hal_flash.c"
Finished building: ../Drivers/STM32F4xx_HAL_Driver/Src/stm32f4xx_hal_flash.c
 
Building file: ../Drivers/STM32F4xx_HAL_Driver/Src/stm32f4xx_hal_flash_ex.c
Invoking: MCU GCC Compiler
%cd%
arm-none-eabi-gcc -mcpu=cortex-m4 -mthumb -mfloat-abi=hard -mfpu=fpv4-sp-d16 -D'__weak=__attribute__((weak))' -D'__packed=__attribute__((__packed__))' -DUSE_HAL_DRIVER -DSTM32F407xx -I"D:/stm_cube_projects/test_project_stm/Inc" -I"D:/stm_cube_projects/test_project_stm/Drivers/STM32F4xx_HAL_Driver/Inc" -I"D:/stm_cube_projects/test_project_stm/Drivers/STM32F4xx_HAL_Driver/Inc/Legacy" -I"D:/stm_cube_projects/test_project_stm/Drivers/CMSIS/Device/ST/STM32F4xx/Include" -I"D:/stm_cube_projects/test_project_stm/Drivers/CMSIS/Include"  -Os -g3 -Wall -fmessage-length=0 -ffunction-sections -c -fmessage-length=0 -MMD -MP -MF"Drivers/STM32F4xx_HAL_Driver/Src/stm32f4xx_hal_flash_ex.d" -MT"Drivers/STM32F4xx_HAL_Driver/Src/stm32f4xx_hal_flash_ex.o" -o "Drivers/STM32F4xx_HAL_Driver/Src/stm32f4xx_hal_flash_ex.o" "../Drivers/STM32F4xx_HAL_Driver/Src/stm32f4xx_hal_flash_ex.c"
Finished building: ../Drivers/STM32F4xx_HAL_Driver/Src/stm32f4xx_hal_flash_ex.c
 
Building file: ../Drivers/STM32F4xx_HAL_Driver/Src/stm32f4xx_hal_flash_ramfunc.c
Invoking: MCU GCC Compiler
%cd%
arm-none-eabi-gcc -mcpu=cortex-m4 -mthumb -mfloat-abi=hard -mfpu=fpv4-sp-d16 -D'__weak=__attribute__((weak))' -D'__packed=__attribute__((__packed__))' -DUSE_HAL_DRIVER -DSTM32F407xx -I"D:/stm_cube_projects/test_project_stm/Inc" -I"D:/stm_cube_projects/test_project_stm/Drivers/STM32F4xx_HAL_Driver/Inc" -I"D:/stm_cube_projects/test_project_stm/Drivers/STM32F4xx_HAL_Driver/Inc/Legacy" -I"D:/stm_cube_projects/test_project_stm/Drivers/CMSIS/Device/ST/STM32F4xx/Include" -I"D:/stm_cube_projects/test_project_stm/Drivers/CMSIS/Include"  -Os -g3 -Wall -fmessage-length=0 -ffunction-sections -c -fmessage-length=0 -MMD -MP -MF"Drivers/STM32F4xx_HAL_Driver/Src/stm32f4xx_hal_flash_ramfunc.d" -MT"Drivers/STM32F4xx_HAL_Driver/Src/stm32f4xx_hal_flash_ramfunc.o" -o "Drivers/STM32F4xx_HAL_Driver/Src/stm32f4xx_hal_flash_ramfunc.o" "../Drivers/STM32F4xx_HAL_Driver/Src/stm32f4xx_hal_flash_ramfunc.c"
Finished building: ../Drivers/STM32F4xx_HAL_Driver/Src/stm32f4xx_hal_flash_ramfunc.c
 
Building file: ../Drivers/STM32F4xx_HAL_Driver/Src/stm32f4xx_hal_gpio.c
Invoking: MCU GCC Compiler
%cd%
arm-none-eabi-gcc -mcpu=cortex-m4 -mthumb -mfloat-abi=hard -mfpu=fpv4-sp-d16 -D'__weak=__attribute__((weak))' -D'__packed=__attribute__((__packed__))' -DUSE_HAL_DRIVER -DSTM32F407xx -I"D:/stm_cube_projects/test_project_stm/Inc" -I"D:/stm_cube_projects/test_project_stm/Drivers/STM32F4xx_HAL_Driver/Inc" -I"D:/stm_cube_projects/test_project_stm/Drivers/STM32F4xx_HAL_Driver/Inc/Legacy" -I"D:/stm_cube_projects/test_project_stm/Drivers/CMSIS/Device/ST/STM32F4xx/Include" -I"D:/stm_cube_projects/test_project_stm/Drivers/CMSIS/Include"  -Os -g3 -Wall -fmessage-length=0 -ffunction-sections -c -fmessage-length=0 -MMD -MP -MF"Drivers/STM32F4xx_HAL_Driver/Src/stm32f4xx_hal_gpio.d" -MT"Drivers/STM32F4xx_HAL_Driver/Src/stm32f4xx_hal_gpio.o" -o "Drivers/STM32F4xx_HAL_Driver/Src/stm32f4xx_hal_gpio.o" "../Drivers/STM32F4xx_HAL_Driver/Src/stm32f4xx_hal_gpio.c"
Finished building: ../Drivers/STM32F4xx_HAL_Driver/Src/stm32f4xx_hal_gpio.c
 
Building file: ../Drivers/STM32F4xx_HAL_Driver/Src/stm32f4xx_hal_pwr.c
Invoking: MCU GCC Compiler
%cd%
arm-none-eabi-gcc -mcpu=cortex-m4 -mthumb -mfloat-abi=hard -mfpu=fpv4-sp-d16 -D'__weak=__attribute__((weak))' -D'__packed=__attribute__((__packed__))' -DUSE_HAL_DRIVER -DSTM32F407xx -I"D:/stm_cube_projects/test_project_stm/Inc" -I"D:/stm_cube_projects/test_project_stm/Drivers/STM32F4xx_HAL_Driver/Inc" -I"D:/stm_cube_projects/test_project_stm/Drivers/STM32F4xx_HAL_Driver/Inc/Legacy" -I"D:/stm_cube_projects/test_project_stm/Drivers/CMSIS/Device/ST/STM32F4xx/Include" -I"D:/stm_cube_projects/test_project_stm/Drivers/CMSIS/Include"  -Os -g3 -Wall -fmessage-length=0 -ffunction-sections -c -fmessage-length=0 -MMD -MP -MF"Drivers/STM32F4xx_HAL_Driver/Src/stm32f4xx_hal_pwr.d" -MT"Drivers/STM32F4xx_HAL_Driver/Src/stm32f4xx_hal_pwr.o" -o "Drivers/STM32F4xx_HAL_Driver/Src/stm32f4xx_hal_pwr.o" "../Drivers/STM32F4xx_HAL_Driver/Src/stm32f4xx_hal_pwr.c"
Finished building: ../Drivers/STM32F4xx_HAL_Driver/Src/stm32f4xx_hal_pwr.c
 
Building file: ../Drivers/STM32F4xx_HAL_Driver/Src/stm32f4xx_hal_pwr_ex.c
Invoking: MCU GCC Compiler
%cd%
arm-none-eabi-gcc -mcpu=cortex-m4 -mthumb -mfloat-abi=hard -mfpu=fpv4-sp-d16 -D'__weak=__attribute__((weak))' -D'__packed=__attribute__((__packed__))' -DUSE_HAL_DRIVER -DSTM32F407xx -I"D:/stm_cube_projects/test_project_stm/Inc" -I"D:/stm_cube_projects/test_project_stm/Drivers/STM32F4xx_HAL_Driver/Inc" -I"D:/stm_cube_projects/test_project_stm/Drivers/STM32F4xx_HAL_Driver/Inc/Legacy" -I"D:/stm_cube_projects/test_project_stm/Drivers/CMSIS/Device/ST/STM32F4xx/Include" -I"D:/stm_cube_projects/test_project_stm/Drivers/CMSIS/Include"  -Os -g3 -Wall -fmessage-length=0 -ffunction-sections -c -fmessage-length=0 -MMD -MP -MF"Drivers/STM32F4xx_HAL_Driver/Src/stm32f4xx_hal_pwr_ex.d" -MT"Drivers/STM32F4xx_HAL_Driver/Src/stm32f4xx_hal_pwr_ex.o" -o "Drivers/STM32F4xx_HAL_Driver/Src/stm32f4xx_hal_pwr_ex.o" "../Drivers/STM32F4xx_HAL_Driver/Src/stm32f4xx_hal_pwr_ex.c"
Finished building: ../Drivers/STM32F4xx_HAL_Driver/Src/stm32f4xx_hal_pwr_ex.c
 
Building file: ../Drivers/STM32F4xx_HAL_Driver/Src/stm32f4xx_hal_rcc.c
Invoking: MCU GCC Compiler
%cd%
arm-none-eabi-gcc -mcpu=cortex-m4 -mthumb -mfloat-abi=hard -mfpu=fpv4-sp-d16 -D'__weak=__attribute__((weak))' -D'__packed=__attribute__((__packed__))' -DUSE_HAL_DRIVER -DSTM32F407xx -I"D:/stm_cube_projects/test_project_stm/Inc" -I"D:/stm_cube_projects/test_project_stm/Drivers/STM32F4xx_HAL_Driver/Inc" -I"D:/stm_cube_projects/test_project_stm/Drivers/STM32F4xx_HAL_Driver/Inc/Legacy" -I"D:/stm_cube_projects/test_project_stm/Drivers/CMSIS/Device/ST/STM32F4xx/Include" -I"D:/stm_cube_projects/test_project_stm/Drivers/CMSIS/Include"  -Os -g3 -Wall -fmessage-length=0 -ffunction-sections -c -fmessage-length=0 -MMD -MP -MF"Drivers/STM32F4xx_HAL_Driver/Src/stm32f4xx_hal_rcc.d" -MT"Drivers/STM32F4xx_HAL_Driver/Src/stm32f4xx_hal_rcc.o" -o "Drivers/STM32F4xx_HAL_Driver/Src/stm32f4xx_hal_rcc.o" "../Drivers/STM32F4xx_HAL_Driver/Src/stm32f4xx_hal_rcc.c"
Finished building: ../Drivers/STM32F4xx_HAL_Driver/Src/stm32f4xx_hal_rcc.c
 
Building file: ../Drivers/STM32F4xx_HAL_Driver/Src/stm32f4xx_hal_rcc_ex.c
Invoking: MCU GCC Compiler
%cd%
arm-none-eabi-gcc -mcpu=cortex-m4 -mthumb -mfloat-abi=hard -mfpu=fpv4-sp-d16 -D'__weak=__attribute__((weak))' -D'__packed=__attribute__((__packed__))' -DUSE_HAL_DRIVER -DSTM32F407xx -I"D:/stm_cube_projects/test_project_stm/Inc" -I"D:/stm_cube_projects/test_project_stm/Drivers/STM32F4xx_HAL_Driver/Inc" -I"D:/stm_cube_projects/test_project_stm/Drivers/STM32F4xx_HAL_Driver/Inc/Legacy" -I"D:/stm_cube_projects/test_project_stm/Drivers/CMSIS/Device/ST/STM32F4xx/Include" -I"D:/stm_cube_projects/test_project_stm/Drivers/CMSIS/Include"  -Os -g3 -Wall -fmessage-length=0 -ffunction-sections -c -fmessage-length=0 -MMD -MP -MF"Drivers/STM32F4xx_HAL_Driver/Src/stm32f4xx_hal_rcc_ex.d" -MT"Drivers/STM32F4xx_HAL_Driver/Src/stm32f4xx_hal_rcc_ex.o" -o "Drivers/STM32F4xx_HAL_Driver/Src/stm32f4xx_hal_rcc_ex.o" "../Drivers/STM32F4xx_HAL_Driver/Src/stm32f4xx_hal_rcc_ex.c"
Finished building: ../Drivers/STM32F4xx_HAL_Driver/Src/stm32f4xx_hal_rcc_ex.c
 
Building target: test_project_stm.elf
Invoking: MCU GCC Linker
arm-none-eabi-gcc -mcpu=cortex-m4 -mthumb -mfloat-abi=hard -mfpu=fpv4-sp-d16 -specs=nosys.specs -specs=nano.specs -T"../STM32F407VETx_FLASH.ld" -Wl,-Map=output.map -Wl,--gc-sections -lm -o "test_project_stm.elf" @"objects.list"  
Finished building target: test_project_stm.elf
 
make --no-print-directory post-build
Generating binary and Printing size information:
arm-none-eabi-objcopy -O binary "test_project_stm.elf" "test_project_stm.bin"
arm-none-eabi-size "test_project_stm.elf"
   text	   data	    bss	    dec	    hex	filename
   5612	     12	   1644	   7268	   1c64	test_project_stm.elf
 

14:39:16 Build Finished (took 8s.324ms)

